2026-08-30 10:58:56,484 INFO SKIP article_id=2090e468-8163-5f8b-aeef-dba7950df018
2026-08-30 10:58:56,485 INFO SKIP article_id=2f40871a-2a54-59e1-9ef6-d144993a72c1
2026-08-30 10:58:56,485 INFO SKIP article_id=d3696d21-ae90-5e67-8cf5-35cd3b5ef27b
2026-08-30 10:58:56,485 INFO SKIP article_id=510ba91e-a609-55b2-85e2-163d61549b2b
2026-08-30 10:58:56,485 INFO SKIP article_id=74377e19-6479-5e35-ae1c-db50c5827809
2026-08-30 10:58:56,486 INFO SKIP article_id=809eae53-def8-5a9a-bfbc-f8b0027abd98
2026-08-30 10:58:56,486 INFO SKIP article_id=03b733fc-9752-53f0-9a8b-1b2b8305168d
2026-08-30 10:58:56,486 INFO SKIP article_id=963c959d-1250-58bd-a0ff-8bf7fa0289d8
2026-08-30 10:58:56,486 INFO SKIP article_id=c13fb52f-d8d5-5752-a33c-b57c348b35ae
2026-08-30 10:58:56,486 INFO SKIP article_id=6cc10056-171d-517f-ac08-de07053ff170
2026-08-30 10:58:56,487 INFO SKIP article_id=fda640ac-43f1-5dc5-aae3-bf6ac7864770
2026-08-30 10:58:56,487 INFO SKIP article_id=548e0bae-63c0-5d71-badd-545159bea689
2026-08-30 10:58:56,487 INFO SKIP article_id=e73c83bb-674d-522e-8f1d-28b53610d9b5
2026-08-30 10:58:56,487 INFO SKIP article_id=2bd4e41a-e79b-5fef-b717-eaba66edcd41
2026-08-30 10:58:56,487 INFO SKIP article_id=9ebe27b5-1411-5e78-9eab-c201c04ffe8d
2026-08-30 10:58:56,487 INFO SKIP article_id=6b0168b2-ebb4-50e5-8eff-2604f81c6d1f
2026-08-30 10:58:56,487 INFO SKIP article_id=0ac5ced8-b230-5806-8cd1-71968e9a749e
2026-08-30 10:58:56,488 INFO SKIP article_id=626dd854-64db-577c-87a5-e576ef85a88c
2026-08-30 10:58:56,488 INFO SKIP article_id=0aab14e5-66b8-5cae-9997-6245bb642c5e
2026-08-30 10:58:56,488 INFO SKIP article_id=7786df79-fca9-5388-9305-d3b3d0f0812b
2026-08-30 10:58:56,488 INFO SKIP article_id=e9e337df-8344-523e-8e6b-06ca87883ac4
2026-08-30 10:58:56,488 INFO SKIP article_id=713faa21-65c8-53e9-b952-66a5ce03d222
2026-08-30 10:58:56,488 INFO SKIP article_id=3123eb04-5e4e-5d8f-aa54-25777f2e1a49
2026-08-30 10:58:56,489 INFO SKIP article_id=a5c40f06-b6e2-5ab1-9d6b-2871b5ef527f
2026-08-30 10:58:56,489 INFO SKIP article_id=6e6b6a66-9275-5aa9-81c0-8ec1b73ed7d3
2026-08-30 10:58:56,489 INFO SKIP article_id=4bc0544b-7722-57cb-905b-f7691f691978
2026-08-30 10:58:56,489 INFO SKIP article_id=f231f8fd-d4bc-52db-b69e-e37e986ae639
2026-08-30 10:58:56,489 INFO SKIP article_id=762f47fa-4b75-5d89-b01b-d94c0a54d3f4
2026-08-30 10:58:56,489 INFO SKIP article_id=6de3e110-41b3-511c-896b-bad0e0626de3
2026-08-30 10:58:56,489 INFO SKIP article_id=5253c234-aca1-59cc-9694-7614f0fb8866
2026-08-30 10:58:56,489 INFO SKIP article_id=58de5fec-2c1e-5093-818e-ec9a951ba172
2026-08-30 10:58:56,490 INFO SKIP article_id=31f5e523-7d2d-5543-837e-1000b99245eb
2026-08-30 10:58:56,490 INFO SKIP article_id=651ee91b-894f-5e5e-954a-5f4b3528ae76
2026-08-30 10:58:56,490 INFO SKIP article_id=4423c866-7fe4-5edc-a33e-aae0f2e23916
2026-08-30 10:58:56,490 INFO SKIP article_id=e66efd62-7fb5-5c19-9ad7-e22badf47260
2026-08-30 10:58:56,490 INFO SKIP article_id=788de4f0-87f3-58a8-ad45-a1d634952af6
2026-08-30 10:58:56,490 INFO SKIP article_id=600ec33e-f6f2-517f-b8b9-3858fbdce8fd
2026-08-30 10:58:56,491 INFO SKIP article_id=440f355c-9a2a-585c-9684-356aabf11cd8
2026-08-30 10:58:56,491 INFO SKIP article_id=413862ee-455d-5dc8-a2e9-09b4683a6a81
2026-08-30 10:58:56,491 INFO SKIP article_id=20fafffa-5524-5dfa-918e-190f02600759
2026-08-30 10:58:56,491 INFO SKIP article_id=b6762c0b-8145-5a8b-94a1-8f72327c0e11
2026-08-30 10:58:56,491 INFO SKIP article_id=e2c5ef98-c2b1-5071-9c24-e64145171cc9
2026-08-30 10:58:56,491 INFO SKIP article_id=50d7a8de-e014-5f06-b507-d9f09dd1152b
2026-08-30 10:58:56,491 INFO SKIP article_id=dae950fc-d25b-512d-b782-c005caf4b98b
2026-08-30 10:58:56,492 INFO SKIP article_id=1fed8412-dc3d-5fb4-98cb-09422e400b18
2026-08-30 10:58:56,492 INFO SKIP article_id=ee010144-1b2b-56db-8e25-aad3e1db9bfd
2026-08-30 10:58:56,492 INFO SKIP article_id=df09335e-b288-509e-b311-35160e1a991a
2026-08-30 10:58:56,492 INFO SKIP article_id=c31a9c0c-2b5e-5d57-bb62-431fe69fdf3e
2026-08-30 10:58:56,492 INFO SKIP article_id=ae128df4-bfb9-599f-9e63-e97155ea001d
2026-08-30 10:58:56,492 INFO SKIP article_id=e742f1c5-e8c4-52d3-8999-38c876dd482e
2026-08-30 10:58:56,493 INFO SKIP article_id=e9478bf1-d27c-5e78-8cdc-3e1d5a49fb42
2026-08-30 10:58:56,493 INFO SKIP article_id=7bfc438b-8d41-5086-8b85-1fade9a085c3
2026-08-30 10:58:56,493 INFO SKIP article_id=e3abc266-e286-55b2-92eb-706693f92886
2026-08-30 10:58:56,493 INFO SKIP article_id=a473b4fb-6fe3-5241-a8a9-c3119f7a6982
2026-08-30 10:58:56,493 INFO SKIP article_id=8dc6e551-186f-5892-a488-3d5e21790503
2026-08-30 10:58:56,493 INFO SKIP article_id=6c440081-2e87-5c6d-ac3c-4ffc7e829e2b
2026-08-30 10:58:56,493 INFO SKIP article_id=431534dc-d182-58c8-aa30-893a4512ec55
2026-08-30 10:58:56,494 INFO SKIP article_id=e5be796f-a9b7-5697-8c14-43486b94027a
2026-08-30 10:58:56,494 INFO SKIP article_id=bf58c87c-cd23-525c-a50f-a8b0a4cde46e
2026-08-30 10:58:56,494 INFO SKIP article_id=7084ba4c-edb5-5554-b088-e837274775e6
2026-08-30 10:58:56,494 INFO SKIP article_id=7494b848-6660-54de-b277-49683a7e35bc
2026-08-30 10:58:56,494 INFO SKIP article_id=03cbf994-e1de-5f29-b41d-b0e99b53b953
2026-08-30 10:58:56,494 INFO SKIP article_id=2a759bb4-b854-5c51-a9d3-7a509c18bbf8
2026-08-30 10:58:56,495 INFO SKIP article_id=de736f2e-d3c5-5c4a-abb1-5985f85d94e6
2026-08-30 10:58:56,495 INFO SKIP article_id=095dc002-25c6-501a-895c-be62c357e060
2026-08-30 10:58:56,495 INFO SKIP article_id=8d7c398e-0cc2-53a2-a272-6a44385f08fc
2026-08-30 10:58:56,495 INFO SKIP article_id=be7ef962-bb50-59cd-aa64-f9cd08b4b183
2026-08-30 10:58:56,495 INFO SKIP article_id=cff0d1b6-8482-5d5d-9fe9-37c91dcf1485
2026-08-30 10:58:56,495 INFO SKIP article_id=f6be2782-86b8-58d9-b614-a252f02fbdf6
2026-08-30 10:58:56,495 INFO SKIP article_id=fdedbfb7-d078-5852-847c-3d1b7637c312
2026-08-30 10:58:56,496 INFO SKIP article_id=a9d96f77-c276-54fc-8449-562de45be7d7
2026-08-30 10:58:56,496 INFO SKIP article_id=8d57ecb0-98d3-5e71-8b42-09d20b534ad9
2026-08-30 10:58:56,496 INFO SKIP article_id=14269097-42fe-5fe9-a645-48ab8ed10fb2
2026-08-30 10:58:56,496 INFO SKIP article_id=e1b50743-ecf4-5a7e-99d5-f00cf33d4159
2026-08-30 10:58:56,496 INFO SKIP article_id=5504e6dc-5169-5654-8dcd-b0a6b8561fdc
2026-08-30 10:58:56,496 INFO SKIP article_id=91ecc540-7909-5a54-b66b-09c9fac7c77b
2026-08-30 10:58:56,497 INFO SKIP article_id=8ca5b4c9-4edc-5ce7-8f88-dc5a44ffa363
2026-08-30 10:58:56,497 INFO SKIP article_id=68d7c1e4-2f55-5dc9-92b4-842d9c2dcdf4
2026-08-30 10:58:56,497 INFO SKIP article_id=d1e18bdd-ae58-59b1-8296-6c0dd56c3c8b
2026-08-30 10:58:56,497 INFO SKIP article_id=28cc79d1-78c0-56cc-a7cd-1793c3095eb4
2026-08-30 10:58:56,497 INFO SKIP article_id=80445927-2db6-54e0-9213-0ab1655ffc7b
2026-08-30 10:58:56,497 INFO SKIP article_id=fe9404dd-0c67-5b5d-be3b-c36de3e9b287
2026-08-30 10:58:56,497 INFO SKIP article_id=32262afc-5024-5b76-8469-cdd3a603a045
2026-08-30 10:58:56,498 INFO SKIP article_id=79610b0d-aa68-55dd-b3d6-3518f7b17672
2026-08-30 10:58:56,498 INFO SKIP article_id=0de1a849-520d-5964-8688-cb89459d66c2
2026-08-30 10:58:56,498 INFO SKIP article_id=f23e35b3-3772-5bf0-b8ab-11a6c2bdcc47
2026-08-30 10:58:56,498 INFO SKIP article_id=a73ff22b-3156-5591-8b87-b4f01bdc7a96
2026-08-30 10:58:56,498 INFO SKIP article_id=988d7c2b-b69f-5ba0-bf6c-f15fddd68146
2026-08-30 10:58:56,498 INFO SKIP article_id=49397e0d-ab78-5461-afd6-6a832b576a3b
2026-08-30 10:58:56,499 INFO SKIP article_id=4a1e3360-80f9-5e27-b223-fb856f7419ba
2026-08-30 10:58:56,499 INFO SKIP article_id=aecb338c-5d9e-55b3-bc2f-c1ad5416336d
2026-08-30 10:58:56,499 INFO SKIP article_id=96f80616-618b-596e-a8ad-60340e1da4f4
2026-08-30 10:58:56,499 INFO SKIP article_id=3c59670c-d395-5886-83f4-50f7f9e1169d
2026-08-30 10:58:56,500 INFO SKIP article_id=b25b538b-ad29-53a4-9c56-73b0c83f02a7
2026-08-30 10:58:56,500 INFO SKIP article_id=d4a3f915-1b1b-5052-82d8-eb66c39cbd5b
2026-08-30 10:58:56,500 INFO SKIP article_id=3a685d3d-e582-5f5a-8699-f7bbe21fdbb1
2026-08-30 10:58:56,500 INFO SKIP article_id=e6413f97-7ea0-5620-b6dd-995a3cb00905
2026-08-30 10:58:56,500 INFO SKIP article_id=b4742d8d-fbd6-5829-9760-48496e36ae5e
2026-08-30 10:58:56,500 INFO SKIP article_id=0dcce23b-3c51-5068-a332-e3d1af46939c
2026-08-30 10:58:56,500 INFO SKIP article_id=feb8519e-ede5-5bbe-8927-688fd64554b4
2026-08-30 10:58:56,501 INFO SKIP article_id=2cd64f3d-3fc7-5fd6-9b60-98b10265b065
2026-08-30 10:58:56,501 INFO SKIP article_id=9bf759dd-9f6c-5dbb-b3c8-ecd463711328
2026-08-30 10:58:56,501 INFO SKIP article_id=aea36ea3-6661-5a16-9fd3-a3957ff970c5
2026-08-30 10:58:56,501 INFO SKIP article_id=6f684add-6188-5696-a76f-9e976c5c5956
2026-08-30 10:58:56,501 INFO SKIP article_id=9cc0dd95-4439-5d41-bd5f-b1286e754316
2026-08-30 10:58:56,501 INFO SKIP article_id=9a9f83bb-02bc-585d-af98-237bbaffc782
2026-08-30 10:58:56,501 INFO SKIP article_id=9de06f9b-af8d-56ae-ae92-9847980e8e54
2026-08-30 10:58:56,502 INFO SKIP article_id=c17c41a6-f24f-554b-9263-574ff14590d1
2026-08-30 10:58:56,502 INFO SKIP article_id=cdd7b664-c9ba-5bc1-97f5-a2d5728e9dde
2026-08-30 10:58:56,502 INFO SKIP article_id=e0b297a8-ee13-59b2-8f8d-f80e88f89dc0
2026-08-30 10:58:56,502 INFO SKIP article_id=6a69b477-f9fe-574e-b0f7-95ca643fb422
2026-08-30 10:58:56,502 INFO SKIP article_id=3deb4fc1-6982-541b-912d-c757f4335841
2026-08-30 10:58:56,503 INFO SKIP article_id=2bd2e896-0573-5f97-a882-9a2d73e5565c
2026-08-30 10:58:56,503 INFO SKIP article_id=ba609baa-8ddd-5c22-a5ae-1e709180a885
2026-08-30 10:58:56,503 INFO SKIP article_id=0fcce17c-d85d-50a2-b73a-bc337405f7ff
2026-08-30 10:58:56,503 INFO SKIP article_id=5bb69dd1-0f7b-585a-888e-507ecac3f19a
2026-08-30 10:58:56,503 INFO SKIP article_id=bdc75988-0c0d-52b8-a2f7-a637c7b0ebaa
2026-08-30 10:58:56,503 INFO SKIP article_id=9b645da9-1bfb-523e-9658-625d7e4ef84a
2026-08-30 10:58:56,504 INFO SKIP article_id=a7343ae7-571f-5cb8-b91e-b574bb655654
2026-08-30 10:58:56,504 INFO SKIP article_id=363eaa9c-d8c1-5317-bc74-082c632afcf1
2026-08-30 10:58:56,504 INFO SKIP article_id=fa3607de-149f-5e09-981d-8724b5eda71a
2026-08-30 10:58:56,504 INFO SKIP article_id=26f3d1a3-7d75-5d5b-8baf-fa2fab26a9dd
2026-08-30 10:58:56,504 INFO SKIP article_id=6584e4e4-2da2-5e98-9d2b-c405f9463579
2026-08-30 10:58:56,504 INFO SKIP article_id=e5c5a77f-8261-5a71-8660-07172423282e
2026-08-30 10:58:56,505 INFO SKIP article_id=c1096b05-5f98-51fc-a3e7-bd9c4bfdd388
2026-08-30 10:58:56,505 INFO SKIP article_id=8d72f7a7-7962-5656-a171-72ce26fcf345
2026-08-30 10:58:56,505 INFO SKIP article_id=50639a01-cf0e-52c9-9db5-877516bc476f
2026-08-30 10:58:56,505 INFO SKIP article_id=cc46e0bf-d7a9-5e46-8aab-d859edf7d92a
2026-08-30 10:58:56,505 INFO SKIP article_id=f994b1d6-bd71-53e6-a1d0-46460e861744
2026-08-30 10:58:56,505 INFO SKIP article_id=7d7eba73-8d43-5f13-8575-557e15caff5e
2026-08-30 10:58:56,505 INFO SKIP article_id=17957db9-af87-5e38-afd5-bef8b83d9262
2026-08-30 10:58:56,506 INFO SKIP article_id=5062bdf9-b008-5bbe-a6cd-3dea43cc1ba1
2026-08-30 10:58:56,506 INFO SKIP article_id=be87bc55-64c8-54f6-88fd-b50d6aad291c
2026-08-30 10:58:56,506 INFO SKIP article_id=a25c90c4-215b-552d-8250-55ceb9f549f1
2026-08-30 10:58:56,506 INFO SKIP article_id=aded90c4-56da-5b6e-a9ae-36a1a700a20c
2026-08-30 10:58:56,506 INFO SKIP article_id=2346ed61-bcd2-5957-a15b-1189adaf830c
2026-08-30 10:58:56,506 INFO SKIP article_id=8d798d00-4813-54f3-98a8-c362a47ba8f3
2026-08-30 10:58:56,506 INFO SKIP article_id=767181dd-73af-5c4c-834e-a068abcd93bb
2026-08-30 10:58:56,507 INFO SKIP article_id=e16f9c23-990f-5954-a286-b5cd031f0561
2026-08-30 10:58:56,507 INFO SKIP article_id=a2bbcbdd-ebac-5901-ae4b-b75359488a19
2026-08-30 10:58:56,507 INFO SKIP article_id=fcd1631a-d4a7-5523-a760-468fd66c604d
2026-08-30 10:58:56,507 INFO SKIP article_id=ea5bc5fa-3f96-5b07-b7c2-8188b07c4a56
2026-08-30 10:58:56,507 INFO SKIP article_id=5e079136-f3bc-551f-a82c-3b0281fac9d0
2026-08-30 10:58:56,507 INFO SKIP article_id=4e474293-199d-5638-9878-54a0072c60b4
2026-08-30 10:58:56,507 INFO SKIP article_id=766880cc-dc54-594e-b769-e92182665334
2026-08-30 10:58:56,508 INFO SKIP article_id=60a72942-249b-52d6-8888-93961697f0a9
2026-08-30 10:58:56,508 INFO SKIP article_id=8f479b90-12a2-56df-9c0c-9511769d96cc
2026-08-30 10:58:56,508 INFO SKIP article_id=8583ba9c-d019-5014-9752-93d1e827cbd3
2026-08-30 10:58:56,508 INFO SKIP article_id=b0869575-fa04-5d0f-a2ae-fec595bce1d2
2026-08-30 10:58:56,508 INFO SKIP article_id=e4d10c15-bcd7-5a25-ba7c-3f96bdf988b8
2026-08-30 10:58:56,508 INFO SKIP article_id=6e00e0e9-a9be-5b6b-9c19-0659de647e26
2026-08-30 10:58:56,508 INFO SKIP article_id=0217d8e2-4f5a-5751-a505-91c5bdb57bdc
2026-08-30 10:58:56,509 INFO SKIP article_id=129d53f1-9c19-5ef5-a670-c5c2eb638bad
2026-08-30 10:58:56,509 INFO SKIP article_id=436a64a2-4741-565a-a6d1-c33a5129f4a3
2026-08-30 10:58:56,509 INFO SKIP article_id=1a2f6bd3-9641-5ec6-aa94-69d32c0eaf67
2026-08-30 10:58:56,509 INFO SKIP article_id=de3ad892-8038-549c-ad37-b3001f83575e
2026-08-30 10:58:56,509 INFO SKIP article_id=63080d73-ec52-55ed-95e0-894109d5ad14
2026-08-30 10:58:56,509 INFO SKIP article_id=d6c11196-d412-5005-9be8-488e74397d37
2026-08-30 10:58:56,509 INFO SKIP article_id=39eb4031-fa84-5a48-bb5b-042b8488e5e1
2026-08-30 10:58:56,509 INFO SKIP article_id=2a66c0c5-87fb-593c-843b-ed4aad07e41c
2026-08-30 10:58:56,510 INFO SKIP article_id=b274fcf3-2803-559e-8ef0-f9be161d349c
2026-08-30 10:58:56,510 INFO SKIP article_id=23cfbe7e-a9b9-56bf-9a29-af44b62be182
2026-08-30 10:58:56,510 INFO SKIP article_id=5c77ed94-e3d9-5f08-a98d-04f010d3a5da
2026-08-30 10:58:56,510 INFO SKIP article_id=b1b0f1ab-c0df-5b71-bdbd-4fb8cbe804b7
2026-08-30 10:58:56,510 INFO SKIP article_id=87cf3484-03c8-5d6e-b4b5-1d4548341738
2026-08-30 10:58:56,510 INFO SKIP article_id=7bfea921-178b-5bb3-8adf-898dcb45c6a1
2026-08-30 10:58:56,511 INFO SKIP article_id=0f01dcca-3260-58ba-871d-84fed1c4ebc9
2026-08-30 10:58:56,511 INFO SKIP article_id=1ffb221a-0d32-5260-8923-ac62e74afc01
2026-08-30 10:58:56,511 INFO SKIP article_id=f8ab32e6-3ca9-57de-add5-929b53040051
2026-08-30 10:58:56,511 INFO SKIP article_id=7ca7c176-e282-5e5d-960e-d2c86a3c91ba
2026-08-30 10:58:56,511 INFO SKIP article_id=70f4b14b-8847-54fa-952b-dca18e78d5f3
2026-08-30 10:58:56,511 INFO SKIP article_id=8621802a-16fe-519c-a495-20cb7b293845
2026-08-30 10:58:56,511 INFO SKIP article_id=c4793e56-0d2c-5ab2-8fdf-d5d1c203f745
2026-08-30 10:58:56,511 INFO SKIP article_id=ea066348-895d-504e-b9f5-e6edae8282e9
2026-08-30 10:58:56,512 INFO SKIP article_id=050fe62d-9c83-550d-b646-359cafe046db
2026-08-30 10:58:56,512 INFO SKIP article_id=fd2a7f45-61f1-575d-9866-55740a960c04
2026-08-30 10:58:56,512 INFO SKIP article_id=71d3ae35-4171-5293-9b5a-ab1bc10d891c
2026-08-30 10:58:56,512 INFO SKIP article_id=2cd77679-404b-564e-b4aa-261211241cc0
2026-08-30 10:58:56,512 INFO SKIP article_id=88af8c88-6289-5639-8182-998278382f7c
2026-08-30 10:58:56,512 INFO SKIP article_id=0a3a59ab-a291-5715-ab52-4cff42ed20c2
2026-08-30 10:58:56,512 INFO SKIP article_id=1391ea9d-61e8-5aee-a64c-3fff608c5cb7
2026-08-30 10:58:56,513 INFO SKIP article_id=9977f9f7-39f4-5368-879b-1a3eb596fef7
2026-08-30 10:58:56,513 INFO SKIP article_id=b3674445-6ead-50b5-a97f-d477d35580e2
2026-08-30 10:58:56,513 INFO SKIP article_id=4494a769-abf8-58e2-8efe-9e76974aaa92
2026-08-30 10:58:56,513 INFO SKIP article_id=5e59fa7e-eb2e-518e-9e4c-23c5aa1c1553
2026-08-30 10:58:56,513 INFO SKIP article_id=8aaad872-bbe6-5943-9c86-13a6572ddc97
2026-08-30 10:58:56,513 INFO SKIP article_id=6aba43d7-b7e3-532c-9445-d5ed9347e1d6
2026-08-30 10:58:56,513 INFO SKIP article_id=84b90843-6fc7-536b-90e3-aa0ceac43d6e
2026-08-30 10:58:56,514 INFO SKIP article_id=33e7e706-fb24-5482-bf38-ec414af9fdeb
2026-08-30 10:58:56,514 INFO SKIP article_id=953029c1-4165-5fb5-82c5-bf2c5a7bb36e
2026-08-30 10:58:56,514 INFO SKIP article_id=f64492f4-002f-514e-b262-4facdc29be33
2026-08-30 10:58:56,514 INFO SKIP article_id=c51f44cd-4456-5e94-9040-80e93364525a
2026-08-30 10:58:56,514 INFO SKIP article_id=3d6cf1c1-25cf-51dd-9d8f-83f048723d67
2026-08-30 10:58:56,514 INFO SKIP article_id=231348e8-47df-507f-997c-7af2fc520072
2026-08-30 10:58:56,515 INFO SKIP article_id=1456cde8-4f84-5e5c-8586-0609bc10e437
2026-08-30 10:58:56,515 INFO SKIP article_id=cc9f9ca9-ee3c-5b46-8546-996a7a7f3d94
2026-08-30 10:58:56,515 INFO SKIP article_id=4375de3a-4378-58c9-97ec-175d9c6f514e
2026-08-30 10:58:56,515 INFO SKIP article_id=a0566889-b9ef-57ec-9cae-c27cc66c57cb
2026-08-30 10:58:56,515 INFO SKIP article_id=f7febc91-45aa-529d-b67a-c4d5d8c17619
2026-08-30 10:58:56,515 INFO SKIP article_id=bdc56bf3-fc6c-51d2-9582-dd80614b1031
2026-08-30 10:59:19,754 INFO SUCCESS article_id=010b8623-1dd0-5415-9f81-cf265914fdca url=https://www.nytimes.com/2025/10/02/world/europe/uk-synagogue-attack-manchester-mayor-burnham-starmer.html path=/Users/pengdu/PycharmProjects/ArticleExtraction/ArticleExtraction/nyt_output/2025_10/010b8623-1dd0-5415-9f81-cf265914fdca.txt
2026-08-30 11:02:50,287 INFO SKIP article_id=2090e468-8163-5f8b-aeef-dba7950df018
2026-08-30 11:02:50,287 INFO SKIP article_id=2f40871a-2a54-59e1-9ef6-d144993a72c1
2026-08-30 11:02:50,287 INFO SKIP article_id=d3696d21-ae90-5e67-8cf5-35cd3b5ef27b
2026-08-30 11:02:50,287 INFO SKIP article_id=510ba91e-a609-55b2-85e2-163d61549b2b
2026-08-30 11:02:50,287 INFO SKIP article_id=74377e19-6479-5e35-ae1c-db50c5827809
2026-08-30 11:02:50,288 INFO SKIP article_id=809eae53-def8-5a9a-bfbc-f8b0027abd98
2026-08-30 11:02:50,288 INFO SKIP article_id=03b733fc-9752-53f0-9a8b-1b2b8305168d
2026-08-30 11:02:50,288 INFO SKIP article_id=963c959d-1250-58bd-a0ff-8bf7fa0289d8
2026-08-30 11:02:50,288 INFO SKIP article_id=c13fb52f-d8d5-5752-a33c-b57c348b35ae
2026-08-30 11:02:50,288 INFO SKIP article_id=6cc10056-171d-517f-ac08-de07053ff170
2026-08-30 11:02:50,288 INFO SKIP article_id=fda640ac-43f1-5dc5-aae3-bf6ac7864770
2026-08-30 11:02:50,289 INFO SKIP article_id=548e0bae-63c0-5d71-badd-545159bea689
2026-08-30 11:02:50,289 INFO SKIP article_id=e73c83bb-674d-522e-8f1d-28b53610d9b5
2026-08-30 11:02:50,289 INFO SKIP article_id=2bd4e41a-e79b-5fef-b717-eaba66edcd41
2026-08-30 11:02:50,289 INFO SKIP article_id=9ebe27b5-1411-5e78-9eab-c201c04ffe8d
2026-08-30 11:02:50,289 INFO SKIP article_id=6b0168b2-ebb4-50e5-8eff-2604f81c6d1f
2026-08-30 11:02:50,289 INFO SKIP article_id=0ac5ced8-b230-5806-8cd1-71968e9a749e
2026-08-30 11:02:50,289 INFO SKIP article_id=626dd854-64db-577c-87a5-e576ef85a88c
2026-08-30 11:02:50,290 INFO SKIP article_id=0aab14e5-66b8-5cae-9997-6245bb642c5e
2026-08-30 11:02:50,290 INFO SKIP article_id=7786df79-fca9-5388-9305-d3b3d0f0812b
2026-08-30 11:02:50,290 INFO SKIP article_id=e9e337df-8344-523e-8e6b-06ca87883ac4
2026-08-30 11:02:50,290 INFO SKIP article_id=713faa21-65c8-53e9-b952-66a5ce03d222
2026-08-30 11:02:50,290 INFO SKIP article_id=3123eb04-5e4e-5d8f-aa54-25777f2e1a49
2026-08-30 11:02:50,290 INFO SKIP article_id=a5c40f06-b6e2-5ab1-9d6b-2871b5ef527f
2026-08-30 11:02:50,290 INFO SKIP article_id=6e6b6a66-9275-5aa9-81c0-8ec1b73ed7d3
2026-08-30 11:02:50,291 INFO SKIP article_id=4bc0544b-7722-57cb-905b-f7691f691978
2026-08-30 11:02:50,291 INFO SKIP article_id=f231f8fd-d4bc-52db-b69e-e37e986ae639
2026-08-30 11:02:50,291 INFO SKIP article_id=762f47fa-4b75-5d89-b01b-d94c0a54d3f4
2026-08-30 11:02:50,291 INFO SKIP article_id=6de3e110-41b3-511c-896b-bad0e0626de3
2026-08-30 11:02:50,291 INFO SKIP article_id=5253c234-aca1-59cc-9694-7614f0fb8866
2026-08-30 11:02:50,291 INFO SKIP article_id=58de5fec-2c1e-5093-818e-ec9a951ba172
2026-08-30 11:02:50,291 INFO SKIP article_id=31f5e523-7d2d-5543-837e-1000b99245eb
2026-08-30 11:02:50,292 INFO SKIP article_id=651ee91b-894f-5e5e-954a-5f4b3528ae76
2026-08-30 11:02:50,292 INFO SKIP article_id=4423c866-7fe4-5edc-a33e-aae0f2e23916
2026-08-30 11:02:50,292 INFO SKIP article_id=e66efd62-7fb5-5c19-9ad7-e22badf47260
2026-08-30 11:02:50,292 INFO SKIP article_id=788de4f0-87f3-58a8-ad45-a1d634952af6
2026-08-30 11:02:50,292 INFO SKIP article_id=600ec33e-f6f2-517f-b8b9-3858fbdce8fd
2026-08-30 11:02:50,292 INFO SKIP article_id=440f355c-9a2a-585c-9684-356aabf11cd8
2026-08-30 11:02:50,293 INFO SKIP article_id=413862ee-455d-5dc8-a2e9-09b4683a6a81
2026-08-30 11:02:50,293 INFO SKIP article_id=20fafffa-5524-5dfa-918e-190f02600759
2026-08-30 11:02:50,293 INFO SKIP article_id=b6762c0b-8145-5a8b-94a1-8f72327c0e11
2026-08-30 11:02:50,293 INFO SKIP article_id=e2c5ef98-c2b1-5071-9c24-e64145171cc9
2026-08-30 11:02:50,293 INFO SKIP article_id=50d7a8de-e014-5f06-b507-d9f09dd1152b
2026-08-30 11:02:50,293 INFO SKIP article_id=dae950fc-d25b-512d-b782-c005caf4b98b
2026-08-30 11:02:50,293 INFO SKIP article_id=1fed8412-dc3d-5fb4-98cb-09422e400b18
2026-08-30 11:02:50,294 INFO SKIP article_id=ee010144-1b2b-56db-8e25-aad3e1db9bfd
2026-08-30 11:02:50,294 INFO SKIP article_id=df09335e-b288-509e-b311-35160e1a991a
2026-08-30 11:02:50,294 INFO SKIP article_id=c31a9c0c-2b5e-5d57-bb62-431fe69fdf3e
2026-08-30 11:02:50,294 INFO SKIP article_id=ae128df4-bfb9-599f-9e63-e97155ea001d
2026-08-30 11:02:50,294 INFO SKIP article_id=e742f1c5-e8c4-52d3-8999-38c876dd482e
2026-08-30 11:02:50,294 INFO SKIP article_id=e9478bf1-d27c-5e78-8cdc-3e1d5a49fb42
2026-08-30 11:02:50,295 INFO SKIP article_id=7bfc438b-8d41-5086-8b85-1fade9a085c3
2026-08-30 11:02:50,295 INFO SKIP article_id=e3abc266-e286-55b2-92eb-706693f92886
2026-08-30 11:02:50,295 INFO SKIP article_id=a473b4fb-6fe3-5241-a8a9-c3119f7a6982
2026-08-30 11:02:50,295 INFO SKIP article_id=8dc6e551-186f-5892-a488-3d5e21790503
2026-08-30 11:02:50,295 INFO SKIP article_id=6c440081-2e87-5c6d-ac3c-4ffc7e829e2b
2026-08-30 11:02:50,295 INFO SKIP article_id=431534dc-d182-58c8-aa30-893a4512ec55
2026-08-30 11:02:50,295 INFO SKIP article_id=e5be796f-a9b7-5697-8c14-43486b94027a
2026-08-30 11:02:50,296 INFO SKIP article_id=bf58c87c-cd23-525c-a50f-a8b0a4cde46e
2026-08-30 11:02:50,296 INFO SKIP article_id=7084ba4c-edb5-5554-b088-e837274775e6
2026-08-30 11:02:50,296 INFO SKIP article_id=7494b848-6660-54de-b277-49683a7e35bc
2026-08-30 11:02:50,296 INFO SKIP article_id=03cbf994-e1de-5f29-b41d-b0e99b53b953
2026-08-30 11:02:50,296 INFO SKIP article_id=2a759bb4-b854-5c51-a9d3-7a509c18bbf8
2026-08-30 11:02:50,296 INFO SKIP article_id=de736f2e-d3c5-5c4a-abb1-5985f85d94e6
2026-08-30 11:02:50,296 INFO SKIP article_id=095dc002-25c6-501a-895c-be62c357e060
2026-08-30 11:02:50,297 INFO SKIP article_id=8d7c398e-0cc2-53a2-a272-6a44385f08fc
2026-08-30 11:02:50,297 INFO SKIP article_id=be7ef962-bb50-59cd-aa64-f9cd08b4b183
2026-08-30 11:02:50,297 INFO SKIP article_id=cff0d1b6-8482-5d5d-9fe9-37c91dcf1485
2026-08-30 11:02:50,297 INFO SKIP article_id=f6be2782-86b8-58d9-b614-a252f02fbdf6
2026-08-30 11:02:50,297 INFO SKIP article_id=fdedbfb7-d078-5852-847c-3d1b7637c312
2026-08-30 11:02:50,297 INFO SKIP article_id=a9d96f77-c276-54fc-8449-562de45be7d7
2026-08-30 11:02:50,298 INFO SKIP article_id=8d57ecb0-98d3-5e71-8b42-09d20b534ad9
2026-08-30 11:02:50,298 INFO SKIP article_id=14269097-42fe-5fe9-a645-48ab8ed10fb2
2026-08-30 11:02:50,298 INFO SKIP article_id=e1b50743-ecf4-5a7e-99d5-f00cf33d4159
2026-08-30 11:02:50,298 INFO SKIP article_id=5504e6dc-5169-5654-8dcd-b0a6b8561fdc
2026-08-30 11:02:50,298 INFO SKIP article_id=91ecc540-7909-5a54-b66b-09c9fac7c77b
2026-08-30 11:02:50,298 INFO SKIP article_id=8ca5b4c9-4edc-5ce7-8f88-dc5a44ffa363
2026-08-30 11:02:50,298 INFO SKIP article_id=68d7c1e4-2f55-5dc9-92b4-842d9c2dcdf4
2026-08-30 11:02:50,299 INFO SKIP article_id=d1e18bdd-ae58-59b1-8296-6c0dd56c3c8b
2026-08-30 11:02:50,299 INFO SKIP article_id=28cc79d1-78c0-56cc-a7cd-1793c3095eb4
2026-08-30 11:02:50,299 INFO SKIP article_id=80445927-2db6-54e0-9213-0ab1655ffc7b
2026-08-30 11:02:50,299 INFO SKIP article_id=fe9404dd-0c67-5b5d-be3b-c36de3e9b287
2026-08-30 11:02:50,299 INFO SKIP article_id=32262afc-5024-5b76-8469-cdd3a603a045
2026-08-30 11:02:50,299 INFO SKIP article_id=79610b0d-aa68-55dd-b3d6-3518f7b17672
2026-08-30 11:02:50,300 INFO SKIP article_id=0de1a849-520d-5964-8688-cb89459d66c2
2026-08-30 11:02:50,300 INFO SKIP article_id=f23e35b3-3772-5bf0-b8ab-11a6c2bdcc47
2026-08-30 11:02:50,300 INFO SKIP article_id=a73ff22b-3156-5591-8b87-b4f01bdc7a96
2026-08-30 11:02:50,300 INFO SKIP article_id=988d7c2b-b69f-5ba0-bf6c-f15fddd68146
2026-08-30 11:02:50,300 INFO SKIP article_id=49397e0d-ab78-5461-afd6-6a832b576a3b
2026-08-30 11:02:50,300 INFO SKIP article_id=4a1e3360-80f9-5e27-b223-fb856f7419ba
2026-08-30 11:02:50,300 INFO SKIP article_id=aecb338c-5d9e-55b3-bc2f-c1ad5416336d
2026-08-30 11:02:50,301 INFO SKIP article_id=96f80616-618b-596e-a8ad-60340e1da4f4
2026-08-30 11:02:50,301 INFO SKIP article_id=3c59670c-d395-5886-83f4-50f7f9e1169d
2026-08-30 11:02:50,301 INFO SKIP article_id=b25b538b-ad29-53a4-9c56-73b0c83f02a7
2026-08-30 11:02:50,301 INFO SKIP article_id=d4a3f915-1b1b-5052-82d8-eb66c39cbd5b
2026-08-30 11:02:50,301 INFO SKIP article_id=3a685d3d-e582-5f5a-8699-f7bbe21fdbb1
2026-08-30 11:02:50,301 INFO SKIP article_id=e6413f97-7ea0-5620-b6dd-995a3cb00905
2026-08-30 11:02:50,301 INFO SKIP article_id=b4742d8d-fbd6-5829-9760-48496e36ae5e
2026-08-30 11:02:50,302 INFO SKIP article_id=0dcce23b-3c51-5068-a332-e3d1af46939c
2026-08-30 11:02:50,302 INFO SKIP article_id=feb8519e-ede5-5bbe-8927-688fd64554b4
2026-08-30 11:02:50,302 INFO SKIP article_id=2cd64f3d-3fc7-5fd6-9b60-98b10265b065
2026-08-30 11:02:50,302 INFO SKIP article_id=9bf759dd-9f6c-5dbb-b3c8-ecd463711328
2026-08-30 11:02:50,302 INFO SKIP article_id=aea36ea3-6661-5a16-9fd3-a3957ff970c5
2026-08-30 11:02:50,302 INFO SKIP article_id=6f684add-6188-5696-a76f-9e976c5c5956
2026-08-30 11:02:50,302 INFO SKIP article_id=9cc0dd95-4439-5d41-bd5f-b1286e754316
2026-08-30 11:02:50,303 INFO SKIP article_id=9a9f83bb-02bc-585d-af98-237bbaffc782
2026-08-30 11:02:50,303 INFO SKIP article_id=9de06f9b-af8d-56ae-ae92-9847980e8e54
2026-08-30 11:02:50,303 INFO SKIP article_id=c17c41a6-f24f-554b-9263-574ff14590d1
2026-08-30 11:02:50,304 INFO SKIP article_id=cdd7b664-c9ba-5bc1-97f5-a2d5728e9dde
2026-08-30 11:02:50,304 INFO SKIP article_id=e0b297a8-ee13-59b2-8f8d-f80e88f89dc0
2026-08-30 11:02:50,304 INFO SKIP article_id=6a69b477-f9fe-574e-b0f7-95ca643fb422
2026-08-30 11:02:50,304 INFO SKIP article_id=3deb4fc1-6982-541b-912d-c757f4335841
2026-08-30 11:02:50,304 INFO SKIP article_id=2bd2e896-0573-5f97-a882-9a2d73e5565c
2026-08-30 11:02:50,304 INFO SKIP article_id=ba609baa-8ddd-5c22-a5ae-1e709180a885
2026-08-30 11:02:50,305 INFO SKIP article_id=0fcce17c-d85d-50a2-b73a-bc337405f7ff
2026-08-30 11:02:50,305 INFO SKIP article_id=5bb69dd1-0f7b-585a-888e-507ecac3f19a
2026-08-30 11:02:50,305 INFO SKIP article_id=bdc75988-0c0d-52b8-a2f7-a637c7b0ebaa
2026-08-30 11:02:50,305 INFO SKIP article_id=9b645da9-1bfb-523e-9658-625d7e4ef84a
2026-08-30 11:02:50,305 INFO SKIP article_id=a7343ae7-571f-5cb8-b91e-b574bb655654
2026-08-30 11:02:50,305 INFO SKIP article_id=363eaa9c-d8c1-5317-bc74-082c632afcf1
2026-08-30 11:02:50,305 INFO SKIP article_id=fa3607de-149f-5e09-981d-8724b5eda71a
2026-08-30 11:02:50,306 INFO SKIP article_id=26f3d1a3-7d75-5d5b-8baf-fa2fab26a9dd
2026-08-30 11:02:50,306 INFO SKIP article_id=6584e4e4-2da2-5e98-9d2b-c405f9463579
2026-08-30 11:02:50,306 INFO SKIP article_id=e5c5a77f-8261-5a71-8660-07172423282e
2026-08-30 11:02:50,306 INFO SKIP article_id=c1096b05-5f98-51fc-a3e7-bd9c4bfdd388
2026-08-30 11:02:50,306 INFO SKIP article_id=8d72f7a7-7962-5656-a171-72ce26fcf345
2026-08-30 11:02:50,306 INFO SKIP article_id=50639a01-cf0e-52c9-9db5-877516bc476f
2026-08-30 11:02:50,307 INFO SKIP article_id=cc46e0bf-d7a9-5e46-8aab-d859edf7d92a
2026-08-30 11:02:50,307 INFO SKIP article_id=f994b1d6-bd71-53e6-a1d0-46460e861744
2026-08-30 11:02:50,307 INFO SKIP article_id=7d7eba73-8d43-5f13-8575-557e15caff5e
2026-08-30 11:02:50,307 INFO SKIP article_id=17957db9-af87-5e38-afd5-bef8b83d9262
2026-08-30 11:02:50,307 INFO SKIP article_id=5062bdf9-b008-5bbe-a6cd-3dea43cc1ba1
2026-08-30 11:02:50,307 INFO SKIP article_id=be87bc55-64c8-54f6-88fd-b50d6aad291c
2026-08-30 11:02:50,308 INFO SKIP article_id=a25c90c4-215b-552d-8250-55ceb9f549f1
2026-08-30 11:02:50,308 INFO SKIP article_id=aded90c4-56da-5b6e-a9ae-36a1a700a20c
2026-08-30 11:02:50,308 INFO SKIP article_id=2346ed61-bcd2-5957-a15b-1189adaf830c
2026-08-30 11:02:50,308 INFO SKIP article_id=8d798d00-4813-54f3-98a8-c362a47ba8f3
2026-08-30 11:02:50,308 INFO SKIP article_id=767181dd-73af-5c4c-834e-a068abcd93bb
2026-08-30 11:02:50,308 INFO SKIP article_id=e16f9c23-990f-5954-a286-b5cd031f0561
2026-08-30 11:02:50,308 INFO SKIP article_id=a2bbcbdd-ebac-5901-ae4b-b75359488a19
2026-08-30 11:02:50,309 INFO SKIP article_id=fcd1631a-d4a7-5523-a760-468fd66c604d
2026-08-30 11:02:50,309 INFO SKIP article_id=ea5bc5fa-3f96-5b07-b7c2-8188b07c4a56
2026-08-30 11:02:50,309 INFO SKIP article_id=5e079136-f3bc-551f-a82c-3b0281fac9d0
2026-08-30 11:02:50,309 INFO SKIP article_id=4e474293-199d-5638-9878-54a0072c60b4
2026-08-30 11:02:50,309 INFO SKIP article_id=766880cc-dc54-594e-b769-e92182665334
2026-08-30 11:02:50,309 INFO SKIP article_id=60a72942-249b-52d6-8888-93961697f0a9
2026-08-30 11:02:50,309 INFO SKIP article_id=8f479b90-12a2-56df-9c0c-9511769d96cc
2026-08-30 11:02:50,309 INFO SKIP article_id=8583ba9c-d019-5014-9752-93d1e827cbd3
2026-08-30 11:02:50,310 INFO SKIP article_id=b0869575-fa04-5d0f-a2ae-fec595bce1d2
2026-08-30 11:02:50,310 INFO SKIP article_id=e4d10c15-bcd7-5a25-ba7c-3f96bdf988b8
2026-08-30 11:02:50,310 INFO SKIP article_id=6e00e0e9-a9be-5b6b-9c19-0659de647e26
2026-08-30 11:02:50,310 INFO SKIP article_id=0217d8e2-4f5a-5751-a505-91c5bdb57bdc
2026-08-30 11:02:50,310 INFO SKIP article_id=129d53f1-9c19-5ef5-a670-c5c2eb638bad
2026-08-30 11:02:50,310 INFO SKIP article_id=436a64a2-4741-565a-a6d1-c33a5129f4a3
2026-08-30 11:02:50,311 INFO SKIP article_id=1a2f6bd3-9641-5ec6-aa94-69d32c0eaf67
2026-08-30 11:02:50,311 INFO SKIP article_id=de3ad892-8038-549c-ad37-b3001f83575e
2026-08-30 11:02:50,311 INFO SKIP article_id=63080d73-ec52-55ed-95e0-894109d5ad14
2026-08-30 11:02:50,311 INFO SKIP article_id=d6c11196-d412-5005-9be8-488e74397d37
2026-08-30 11:02:50,311 INFO SKIP article_id=39eb4031-fa84-5a48-bb5b-042b8488e5e1
2026-08-30 11:02:50,311 INFO SKIP article_id=2a66c0c5-87fb-593c-843b-ed4aad07e41c
2026-08-30 11:02:50,311 INFO SKIP article_id=b274fcf3-2803-559e-8ef0-f9be161d349c
2026-08-30 11:02:50,312 INFO SKIP article_id=23cfbe7e-a9b9-56bf-9a29-af44b62be182
2026-08-30 11:02:50,312 INFO SKIP article_id=5c77ed94-e3d9-5f08-a98d-04f010d3a5da
2026-08-30 11:02:50,312 INFO SKIP article_id=b1b0f1ab-c0df-5b71-bdbd-4fb8cbe804b7
2026-08-30 11:02:50,312 INFO SKIP article_id=87cf3484-03c8-5d6e-b4b5-1d4548341738
2026-08-30 11:02:50,312 INFO SKIP article_id=7bfea921-178b-5bb3-8adf-898dcb45c6a1
2026-08-30 11:02:50,312 INFO SKIP article_id=0f01dcca-3260-58ba-871d-84fed1c4ebc9
2026-08-30 11:02:50,312 INFO SKIP article_id=1ffb221a-0d32-5260-8923-ac62e74afc01
2026-08-30 11:02:50,313 INFO SKIP article_id=f8ab32e6-3ca9-57de-add5-929b53040051
2026-08-30 11:02:50,313 INFO SKIP article_id=7ca7c176-e282-5e5d-960e-d2c86a3c91ba
2026-08-30 11:02:50,313 INFO SKIP article_id=70f4b14b-8847-54fa-952b-dca18e78d5f3
2026-08-30 11:02:50,313 INFO SKIP article_id=8621802a-16fe-519c-a495-20cb7b293845
2026-08-30 11:02:50,313 INFO SKIP article_id=c4793e56-0d2c-5ab2-8fdf-d5d1c203f745
2026-08-30 11:02:50,313 INFO SKIP article_id=ea066348-895d-504e-b9f5-e6edae8282e9
2026-08-30 11:02:50,314 INFO SKIP article_id=050fe62d-9c83-550d-b646-359cafe046db
2026-08-30 11:02:50,314 INFO SKIP article_id=fd2a7f45-61f1-575d-9866-55740a960c04
2026-08-30 11:02:50,314 INFO SKIP article_id=71d3ae35-4171-5293-9b5a-ab1bc10d891c
2026-08-30 11:02:50,314 INFO SKIP article_id=2cd77679-404b-564e-b4aa-261211241cc0
2026-08-30 11:02:50,314 INFO SKIP article_id=88af8c88-6289-5639-8182-998278382f7c
2026-08-30 11:02:50,314 INFO SKIP article_id=0a3a59ab-a291-5715-ab52-4cff42ed20c2
2026-08-30 11:02:50,314 INFO SKIP article_id=1391ea9d-61e8-5aee-a64c-3fff608c5cb7
2026-08-30 11:02:50,315 INFO SKIP article_id=9977f9f7-39f4-5368-879b-1a3eb596fef7
2026-08-30 11:02:50,315 INFO SKIP article_id=b3674445-6ead-50b5-a97f-d477d35580e2
2026-08-30 11:02:50,315 INFO SKIP article_id=4494a769-abf8-58e2-8efe-9e76974aaa92
2026-08-30 11:02:50,315 INFO SKIP article_id=5e59fa7e-eb2e-518e-9e4c-23c5aa1c1553
2026-08-30 11:02:50,315 INFO SKIP article_id=8aaad872-bbe6-5943-9c86-13a6572ddc97
2026-08-30 11:02:50,315 INFO SKIP article_id=6aba43d7-b7e3-532c-9445-d5ed9347e1d6
2026-08-30 11:02:50,315 INFO SKIP article_id=84b90843-6fc7-536b-90e3-aa0ceac43d6e
2026-08-30 11:02:50,316 INFO SKIP article_id=33e7e706-fb24-5482-bf38-ec414af9fdeb
2026-08-30 11:02:50,316 INFO SKIP article_id=953029c1-4165-5fb5-82c5-bf2c5a7bb36e
2026-08-30 11:02:50,316 INFO SKIP article_id=f64492f4-002f-514e-b262-4facdc29be33
2026-08-30 11:02:50,316 INFO SKIP article_id=c51f44cd-4456-5e94-9040-80e93364525a
2026-08-30 11:02:50,316 INFO SKIP article_id=3d6cf1c1-25cf-51dd-9d8f-83f048723d67
2026-08-30 11:02:50,317 INFO SKIP article_id=231348e8-47df-507f-997c-7af2fc520072
2026-08-30 11:02:50,317 INFO SKIP article_id=1456cde8-4f84-5e5c-8586-0609bc10e437
2026-08-30 11:02:50,317 INFO SKIP article_id=cc9f9ca9-ee3c-5b46-8546-996a7a7f3d94
2026-08-30 11:02:50,317 INFO SKIP article_id=4375de3a-4378-58c9-97ec-175d9c6f514e
2026-08-30 11:02:50,317 INFO SKIP article_id=a0566889-b9ef-57ec-9cae-c27cc66c57cb
2026-08-30 11:02:50,317 INFO SKIP article_id=f7febc91-45aa-529d-b67a-c4d5d8c17619
2026-08-30 11:02:50,317 INFO SKIP article_id=bdc56bf3-fc6c-51d2-9582-dd80614b1031
2026-08-30 11:02:50,318 INFO SKIP article_id=010b8623-1dd0-5415-9f81-cf265914fdca
2026-08-30 11:03:04,083 INFO SUCCESS article_id=61b49ae0-9e37-5b3c-b04a-d8a92d951a02 url=https://www.nytimes.com/2025/10/02/world/asia/pakistan-kashmir-unrest-sharif.html path=/Users/pengdu/PycharmProjects/ArticleExtraction/ArticleExtraction/nyt_output/2025_10/61b49ae0-9e37-5b3c-b04a-d8a92d951a02.txt
2026-08-30 11:04:25,500 INFO SKIP article_id=2090e468-8163-5f8b-aeef-dba7950df018
2026-08-30 11:04:25,501 INFO SKIP article_id=2f40871a-2a54-59e1-9ef6-d144993a72c1
2026-08-30 11:04:25,501 INFO SKIP article_id=d3696d21-ae90-5e67-8cf5-35cd3b5ef27b
2026-08-30 11:04:25,501 INFO SKIP article_id=510ba91e-a609-55b2-85e2-163d61549b2b
2026-08-30 11:04:25,501 INFO SKIP article_id=74377e19-6479-5e35-ae1c-db50c5827809
2026-08-30 11:04:25,501 INFO SKIP article_id=809eae53-def8-5a9a-bfbc-f8b0027abd98
2026-08-30 11:04:25,501 INFO SKIP article_id=03b733fc-9752-53f0-9a8b-1b2b8305168d
2026-08-30 11:04:25,502 INFO SKIP article_id=963c959d-1250-58bd-a0ff-8bf7fa0289d8
2026-08-30 11:04:25,502 INFO SKIP article_id=c13fb52f-d8d5-5752-a33c-b57c348b35ae
2026-08-30 11:04:25,502 INFO SKIP article_id=6cc10056-171d-517f-ac08-de07053ff170
2026-08-30 11:04:25,502 INFO SKIP article_id=fda640ac-43f1-5dc5-aae3-bf6ac7864770
2026-08-30 11:04:25,502 INFO SKIP article_id=548e0bae-63c0-5d71-badd-545159bea689
2026-08-30 11:04:25,502 INFO SKIP article_id=e73c83bb-674d-522e-8f1d-28b53610d9b5
2026-08-30 11:04:25,502 INFO SKIP article_id=2bd4e41a-e79b-5fef-b717-eaba66edcd41
2026-08-30 11:04:25,503 INFO SKIP article_id=9ebe27b5-1411-5e78-9eab-c201c04ffe8d
2026-08-30 11:04:25,503 INFO SKIP article_id=6b0168b2-ebb4-50e5-8eff-2604f81c6d1f
2026-08-30 11:04:25,503 INFO SKIP article_id=0ac5ced8-b230-5806-8cd1-71968e9a749e
2026-08-30 11:04:25,503 INFO SKIP article_id=626dd854-64db-577c-87a5-e576ef85a88c
2026-08-30 11:04:25,503 INFO SKIP article_id=0aab14e5-66b8-5cae-9997-6245bb642c5e
2026-08-30 11:04:25,503 INFO SKIP article_id=7786df79-fca9-5388-9305-d3b3d0f0812b
2026-08-30 11:04:25,503 INFO SKIP article_id=e9e337df-8344-523e-8e6b-06ca87883ac4
2026-08-30 11:04:25,504 INFO SKIP article_id=713faa21-65c8-53e9-b952-66a5ce03d222
2026-08-30 11:04:25,504 INFO SKIP article_id=3123eb04-5e4e-5d8f-aa54-25777f2e1a49
2026-08-30 11:04:25,504 INFO SKIP article_id=a5c40f06-b6e2-5ab1-9d6b-2871b5ef527f
2026-08-30 11:04:25,504 INFO SKIP article_id=6e6b6a66-9275-5aa9-81c0-8ec1b73ed7d3
2026-08-30 11:04:25,504 INFO SKIP article_id=4bc0544b-7722-57cb-905b-f7691f691978
2026-08-30 11:04:25,504 INFO SKIP article_id=f231f8fd-d4bc-52db-b69e-e37e986ae639
2026-08-30 11:04:25,505 INFO SKIP article_id=762f47fa-4b75-5d89-b01b-d94c0a54d3f4
2026-08-30 11:04:25,505 INFO SKIP article_id=6de3e110-41b3-511c-896b-bad0e0626de3
2026-08-30 11:04:25,505 INFO SKIP article_id=5253c234-aca1-59cc-9694-7614f0fb8866
2026-08-30 11:04:25,505 INFO SKIP article_id=58de5fec-2c1e-5093-818e-ec9a951ba172
2026-08-30 11:04:25,505 INFO SKIP article_id=31f5e523-7d2d-5543-837e-1000b99245eb
2026-08-30 11:04:25,505 INFO SKIP article_id=651ee91b-894f-5e5e-954a-5f4b3528ae76
2026-08-30 11:04:25,505 INFO SKIP article_id=4423c866-7fe4-5edc-a33e-aae0f2e23916
2026-08-30 11:04:25,505 INFO SKIP article_id=e66efd62-7fb5-5c19-9ad7-e22badf47260
2026-08-30 11:04:25,506 INFO SKIP article_id=788de4f0-87f3-58a8-ad45-a1d634952af6
2026-08-30 11:04:25,506 INFO SKIP article_id=600ec33e-f6f2-517f-b8b9-3858fbdce8fd
2026-08-30 11:04:25,506 INFO SKIP article_id=440f355c-9a2a-585c-9684-356aabf11cd8
2026-08-30 11:04:25,506 INFO SKIP article_id=413862ee-455d-5dc8-a2e9-09b4683a6a81
2026-08-30 11:04:25,506 INFO SKIP article_id=20fafffa-5524-5dfa-918e-190f02600759
2026-08-30 11:04:25,506 INFO SKIP article_id=b6762c0b-8145-5a8b-94a1-8f72327c0e11
2026-08-30 11:04:25,506 INFO SKIP article_id=e2c5ef98-c2b1-5071-9c24-e64145171cc9
2026-08-30 11:04:25,507 INFO SKIP article_id=50d7a8de-e014-5f06-b507-d9f09dd1152b
2026-08-30 11:04:25,507 INFO SKIP article_id=dae950fc-d25b-512d-b782-c005caf4b98b
2026-08-30 11:04:25,507 INFO SKIP article_id=1fed8412-dc3d-5fb4-98cb-09422e400b18
2026-08-30 11:04:25,507 INFO SKIP article_id=ee010144-1b2b-56db-8e25-aad3e1db9bfd
2026-08-30 11:04:25,507 INFO SKIP article_id=df09335e-b288-509e-b311-35160e1a991a
2026-08-30 11:04:25,507 INFO SKIP article_id=c31a9c0c-2b5e-5d57-bb62-431fe69fdf3e
2026-08-30 11:04:25,507 INFO SKIP article_id=ae128df4-bfb9-599f-9e63-e97155ea001d
2026-08-30 11:04:25,508 INFO SKIP article_id=e742f1c5-e8c4-52d3-8999-38c876dd482e
2026-08-30 11:04:25,508 INFO SKIP article_id=e9478bf1-d27c-5e78-8cdc-3e1d5a49fb42
2026-08-30 11:04:25,508 INFO SKIP article_id=7bfc438b-8d41-5086-8b85-1fade9a085c3
2026-08-30 11:04:25,508 INFO SKIP article_id=e3abc266-e286-55b2-92eb-706693f92886
2026-08-30 11:04:25,508 INFO SKIP article_id=a473b4fb-6fe3-5241-a8a9-c3119f7a6982
2026-08-30 11:04:25,508 INFO SKIP article_id=8dc6e551-186f-5892-a488-3d5e21790503
2026-08-30 11:04:25,508 INFO SKIP article_id=6c440081-2e87-5c6d-ac3c-4ffc7e829e2b
2026-08-30 11:04:25,509 INFO SKIP article_id=431534dc-d182-58c8-aa30-893a4512ec55
2026-08-30 11:04:25,509 INFO SKIP article_id=e5be796f-a9b7-5697-8c14-43486b94027a
2026-08-30 11:04:25,509 INFO SKIP article_id=bf58c87c-cd23-525c-a50f-a8b0a4cde46e
2026-08-30 11:04:25,509 INFO SKIP article_id=7084ba4c-edb5-5554-b088-e837274775e6
2026-08-30 11:04:25,509 INFO SKIP article_id=7494b848-6660-54de-b277-49683a7e35bc
2026-08-30 11:04:25,509 INFO SKIP article_id=03cbf994-e1de-5f29-b41d-b0e99b53b953
2026-08-30 11:04:25,509 INFO SKIP article_id=2a759bb4-b854-5c51-a9d3-7a509c18bbf8
2026-08-30 11:04:25,510 INFO SKIP article_id=de736f2e-d3c5-5c4a-abb1-5985f85d94e6
2026-08-30 11:04:25,510 INFO SKIP article_id=095dc002-25c6-501a-895c-be62c357e060
2026-08-30 11:04:25,510 INFO SKIP article_id=8d7c398e-0cc2-53a2-a272-6a44385f08fc
2026-08-30 11:04:25,510 INFO SKIP article_id=be7ef962-bb50-59cd-aa64-f9cd08b4b183
2026-08-30 11:04:25,510 INFO SKIP article_id=cff0d1b6-8482-5d5d-9fe9-37c91dcf1485
2026-08-30 11:04:25,510 INFO SKIP article_id=f6be2782-86b8-58d9-b614-a252f02fbdf6
2026-08-30 11:04:25,510 INFO SKIP article_id=fdedbfb7-d078-5852-847c-3d1b7637c312
2026-08-30 11:04:25,511 INFO SKIP article_id=a9d96f77-c276-54fc-8449-562de45be7d7
2026-08-30 11:04:25,511 INFO SKIP article_id=8d57ecb0-98d3-5e71-8b42-09d20b534ad9
2026-08-30 11:04:25,511 INFO SKIP article_id=14269097-42fe-5fe9-a645-48ab8ed10fb2
2026-08-30 11:04:25,511 INFO SKIP article_id=e1b50743-ecf4-5a7e-99d5-f00cf33d4159
2026-08-30 11:04:25,511 INFO SKIP article_id=5504e6dc-5169-5654-8dcd-b0a6b8561fdc
2026-08-30 11:04:25,511 INFO SKIP article_id=91ecc540-7909-5a54-b66b-09c9fac7c77b
2026-08-30 11:04:25,512 INFO SKIP article_id=8ca5b4c9-4edc-5ce7-8f88-dc5a44ffa363
2026-08-30 11:04:25,512 INFO SKIP article_id=68d7c1e4-2f55-5dc9-92b4-842d9c2dcdf4
2026-08-30 11:04:25,512 INFO SKIP article_id=d1e18bdd-ae58-59b1-8296-6c0dd56c3c8b
2026-08-30 11:04:25,512 INFO SKIP article_id=28cc79d1-78c0-56cc-a7cd-1793c3095eb4
2026-08-30 11:04:25,512 INFO SKIP article_id=80445927-2db6-54e0-9213-0ab1655ffc7b
2026-08-30 11:04:25,512 INFO SKIP article_id=fe9404dd-0c67-5b5d-be3b-c36de3e9b287
2026-08-30 11:04:25,512 INFO SKIP article_id=32262afc-5024-5b76-8469-cdd3a603a045
2026-08-30 11:04:25,513 INFO SKIP article_id=79610b0d-aa68-55dd-b3d6-3518f7b17672
2026-08-30 11:04:25,513 INFO SKIP article_id=0de1a849-520d-5964-8688-cb89459d66c2
2026-08-30 11:04:25,513 INFO SKIP article_id=f23e35b3-3772-5bf0-b8ab-11a6c2bdcc47
2026-08-30 11:04:25,513 INFO SKIP article_id=a73ff22b-3156-5591-8b87-b4f01bdc7a96
2026-08-30 11:04:25,513 INFO SKIP article_id=988d7c2b-b69f-5ba0-bf6c-f15fddd68146
2026-08-30 11:04:25,513 INFO SKIP article_id=49397e0d-ab78-5461-afd6-6a832b576a3b
2026-08-30 11:04:25,513 INFO SKIP article_id=4a1e3360-80f9-5e27-b223-fb856f7419ba
2026-08-30 11:04:25,514 INFO SKIP article_id=aecb338c-5d9e-55b3-bc2f-c1ad5416336d
2026-08-30 11:04:25,514 INFO SKIP article_id=96f80616-618b-596e-a8ad-60340e1da4f4
2026-08-30 11:04:25,514 INFO SKIP article_id=3c59670c-d395-5886-83f4-50f7f9e1169d
2026-08-30 11:04:25,514 INFO SKIP article_id=b25b538b-ad29-53a4-9c56-73b0c83f02a7
2026-08-30 11:04:25,514 INFO SKIP article_id=d4a3f915-1b1b-5052-82d8-eb66c39cbd5b
2026-08-30 11:04:25,514 INFO SKIP article_id=3a685d3d-e582-5f5a-8699-f7bbe21fdbb1
2026-08-30 11:04:25,514 INFO SKIP article_id=e6413f97-7ea0-5620-b6dd-995a3cb00905
2026-08-30 11:04:25,515 INFO SKIP article_id=b4742d8d-fbd6-5829-9760-48496e36ae5e
2026-08-30 11:04:25,515 INFO SKIP article_id=0dcce23b-3c51-5068-a332-e3d1af46939c
2026-08-30 11:04:25,515 INFO SKIP article_id=feb8519e-ede5-5bbe-8927-688fd64554b4
2026-08-30 11:04:25,515 INFO SKIP article_id=2cd64f3d-3fc7-5fd6-9b60-98b10265b065
2026-08-30 11:04:25,515 INFO SKIP article_id=9bf759dd-9f6c-5dbb-b3c8-ecd463711328
2026-08-30 11:04:25,515 INFO SKIP article_id=aea36ea3-6661-5a16-9fd3-a3957ff970c5
2026-08-30 11:04:25,516 INFO SKIP article_id=6f684add-6188-5696-a76f-9e976c5c5956
2026-08-30 11:04:25,516 INFO SKIP article_id=9cc0dd95-4439-5d41-bd5f-b1286e754316
2026-08-30 11:04:25,516 INFO SKIP article_id=9a9f83bb-02bc-585d-af98-237bbaffc782
2026-08-30 11:04:25,517 INFO SKIP article_id=9de06f9b-af8d-56ae-ae92-9847980e8e54
2026-08-30 11:04:25,517 INFO SKIP article_id=c17c41a6-f24f-554b-9263-574ff14590d1
2026-08-30 11:04:25,517 INFO SKIP article_id=cdd7b664-c9ba-5bc1-97f5-a2d5728e9dde
2026-08-30 11:04:25,517 INFO SKIP article_id=e0b297a8-ee13-59b2-8f8d-f80e88f89dc0
2026-08-30 11:04:25,517 INFO SKIP article_id=6a69b477-f9fe-574e-b0f7-95ca643fb422
2026-08-30 11:04:25,518 INFO SKIP article_id=3deb4fc1-6982-541b-912d-c757f4335841
2026-08-30 11:04:25,518 INFO SKIP article_id=2bd2e896-0573-5f97-a882-9a2d73e5565c
2026-08-30 11:04:25,518 INFO SKIP article_id=ba609baa-8ddd-5c22-a5ae-1e709180a885
2026-08-30 11:04:25,518 INFO SKIP article_id=0fcce17c-d85d-50a2-b73a-bc337405f7ff
2026-08-30 11:04:25,518 INFO SKIP article_id=5bb69dd1-0f7b-585a-888e-507ecac3f19a
2026-08-30 11:04:25,518 INFO SKIP article_id=bdc75988-0c0d-52b8-a2f7-a637c7b0ebaa
2026-08-30 11:04:25,518 INFO SKIP article_id=9b645da9-1bfb-523e-9658-625d7e4ef84a
2026-08-30 11:04:25,519 INFO SKIP article_id=a7343ae7-571f-5cb8-b91e-b574bb655654
2026-08-30 11:04:25,519 INFO SKIP article_id=363eaa9c-d8c1-5317-bc74-082c632afcf1
2026-08-30 11:04:25,519 INFO SKIP article_id=fa3607de-149f-5e09-981d-8724b5eda71a
2026-08-30 11:04:25,519 INFO SKIP article_id=26f3d1a3-7d75-5d5b-8baf-fa2fab26a9dd
2026-08-30 11:04:25,519 INFO SKIP article_id=6584e4e4-2da2-5e98-9d2b-c405f9463579
2026-08-30 11:04:25,519 INFO SKIP article_id=e5c5a77f-8261-5a71-8660-07172423282e
2026-08-30 11:04:25,519 INFO SKIP article_id=c1096b05-5f98-51fc-a3e7-bd9c4bfdd388
2026-08-30 11:04:25,520 INFO SKIP article_id=8d72f7a7-7962-5656-a171-72ce26fcf345
2026-08-30 11:04:25,520 INFO SKIP article_id=50639a01-cf0e-52c9-9db5-877516bc476f
2026-08-30 11:04:25,520 INFO SKIP article_id=cc46e0bf-d7a9-5e46-8aab-d859edf7d92a
2026-08-30 11:04:25,520 INFO SKIP article_id=f994b1d6-bd71-53e6-a1d0-46460e861744
2026-08-30 11:04:25,520 INFO SKIP article_id=7d7eba73-8d43-5f13-8575-557e15caff5e
2026-08-30 11:04:25,520 INFO SKIP article_id=17957db9-af87-5e38-afd5-bef8b83d9262
2026-08-30 11:04:25,520 INFO SKIP article_id=5062bdf9-b008-5bbe-a6cd-3dea43cc1ba1
2026-08-30 11:04:25,521 INFO SKIP article_id=be87bc55-64c8-54f6-88fd-b50d6aad291c
2026-08-30 11:04:25,521 INFO SKIP article_id=a25c90c4-215b-552d-8250-55ceb9f549f1
2026-08-30 11:04:25,521 INFO SKIP article_id=aded90c4-56da-5b6e-a9ae-36a1a700a20c
2026-08-30 11:04:25,521 INFO SKIP article_id=2346ed61-bcd2-5957-a15b-1189adaf830c
2026-08-30 11:04:25,521 INFO SKIP article_id=8d798d00-4813-54f3-98a8-c362a47ba8f3
2026-08-30 11:04:25,521 INFO SKIP article_id=767181dd-73af-5c4c-834e-a068abcd93bb
2026-08-30 11:04:25,521 INFO SKIP article_id=e16f9c23-990f-5954-a286-b5cd031f0561
2026-08-30 11:04:25,522 INFO SKIP article_id=a2bbcbdd-ebac-5901-ae4b-b75359488a19
2026-08-30 11:04:25,522 INFO SKIP article_id=fcd1631a-d4a7-5523-a760-468fd66c604d
2026-08-30 11:04:25,522 INFO SKIP article_id=ea5bc5fa-3f96-5b07-b7c2-8188b07c4a56
2026-08-30 11:04:25,522 INFO SKIP article_id=5e079136-f3bc-551f-a82c-3b0281fac9d0
2026-08-30 11:04:25,522 INFO SKIP article_id=4e474293-199d-5638-9878-54a0072c60b4
2026-08-30 11:04:25,522 INFO SKIP article_id=766880cc-dc54-594e-b769-e92182665334
2026-08-30 11:04:25,522 INFO SKIP article_id=60a72942-249b-52d6-8888-93961697f0a9
2026-08-30 11:04:25,522 INFO SKIP article_id=8f479b90-12a2-56df-9c0c-9511769d96cc
2026-08-30 11:04:25,523 INFO SKIP article_id=8583ba9c-d019-5014-9752-93d1e827cbd3
2026-08-30 11:04:25,523 INFO SKIP article_id=b0869575-fa04-5d0f-a2ae-fec595bce1d2
2026-08-30 11:04:25,523 INFO SKIP article_id=e4d10c15-bcd7-5a25-ba7c-3f96bdf988b8
2026-08-30 11:04:25,523 INFO SKIP article_id=6e00e0e9-a9be-5b6b-9c19-0659de647e26
2026-08-30 11:04:25,523 INFO SKIP article_id=0217d8e2-4f5a-5751-a505-91c5bdb57bdc
2026-08-30 11:04:25,524 INFO SKIP article_id=129d53f1-9c19-5ef5-a670-c5c2eb638bad
2026-08-30 11:04:25,524 INFO SKIP article_id=436a64a2-4741-565a-a6d1-c33a5129f4a3
2026-08-30 11:04:25,524 INFO SKIP article_id=1a2f6bd3-9641-5ec6-aa94-69d32c0eaf67
2026-08-30 11:04:25,524 INFO SKIP article_id=de3ad892-8038-549c-ad37-b3001f83575e
2026-08-30 11:04:25,524 INFO SKIP article_id=63080d73-ec52-55ed-95e0-894109d5ad14
2026-08-30 11:04:25,524 INFO SKIP article_id=d6c11196-d412-5005-9be8-488e74397d37
2026-08-30 11:04:25,524 INFO SKIP article_id=39eb4031-fa84-5a48-bb5b-042b8488e5e1
2026-08-30 11:04:25,525 INFO SKIP article_id=2a66c0c5-87fb-593c-843b-ed4aad07e41c
2026-08-30 11:04:25,525 INFO SKIP article_id=b274fcf3-2803-559e-8ef0-f9be161d349c
2026-08-30 11:04:25,525 INFO SKIP article_id=23cfbe7e-a9b9-56bf-9a29-af44b62be182
2026-08-30 11:04:25,525 INFO SKIP article_id=5c77ed94-e3d9-5f08-a98d-04f010d3a5da
2026-08-30 11:04:25,525 INFO SKIP article_id=b1b0f1ab-c0df-5b71-bdbd-4fb8cbe804b7
2026-08-30 11:04:25,525 INFO SKIP article_id=87cf3484-03c8-5d6e-b4b5-1d4548341738
2026-08-30 11:04:25,526 INFO SKIP article_id=7bfea921-178b-5bb3-8adf-898dcb45c6a1
2026-08-30 11:04:25,526 INFO SKIP article_id=0f01dcca-3260-58ba-871d-84fed1c4ebc9
2026-08-30 11:04:25,526 INFO SKIP article_id=1ffb221a-0d32-5260-8923-ac62e74afc01
2026-08-30 11:04:25,526 INFO SKIP article_id=f8ab32e6-3ca9-57de-add5-929b53040051
2026-08-30 11:04:25,526 INFO SKIP article_id=7ca7c176-e282-5e5d-960e-d2c86a3c91ba
2026-08-30 11:04:25,526 INFO SKIP article_id=70f4b14b-8847-54fa-952b-dca18e78d5f3
2026-08-30 11:04:25,526 INFO SKIP article_id=8621802a-16fe-519c-a495-20cb7b293845
2026-08-30 11:04:25,527 INFO SKIP article_id=c4793e56-0d2c-5ab2-8fdf-d5d1c203f745
2026-08-30 11:04:25,527 INFO SKIP article_id=ea066348-895d-504e-b9f5-e6edae8282e9
2026-08-30 11:04:25,527 INFO SKIP article_id=050fe62d-9c83-550d-b646-359cafe046db
2026-08-30 11:04:25,527 INFO SKIP article_id=fd2a7f45-61f1-575d-9866-55740a960c04
2026-08-30 11:04:25,527 INFO SKIP article_id=71d3ae35-4171-5293-9b5a-ab1bc10d891c
2026-08-30 11:04:25,527 INFO SKIP article_id=2cd77679-404b-564e-b4aa-261211241cc0
2026-08-30 11:04:25,527 INFO SKIP article_id=88af8c88-6289-5639-8182-998278382f7c
2026-08-30 11:04:25,528 INFO SKIP article_id=0a3a59ab-a291-5715-ab52-4cff42ed20c2
2026-08-30 11:04:25,528 INFO SKIP article_id=1391ea9d-61e8-5aee-a64c-3fff608c5cb7
2026-08-30 11:04:25,528 INFO SKIP article_id=9977f9f7-39f4-5368-879b-1a3eb596fef7
2026-08-30 11:04:25,528 INFO SKIP article_id=b3674445-6ead-50b5-a97f-d477d35580e2
2026-08-30 11:04:25,528 INFO SKIP article_id=4494a769-abf8-58e2-8efe-9e76974aaa92
2026-08-30 11:04:25,528 INFO SKIP article_id=5e59fa7e-eb2e-518e-9e4c-23c5aa1c1553
2026-08-30 11:04:25,528 INFO SKIP article_id=8aaad872-bbe6-5943-9c86-13a6572ddc97
2026-08-30 11:04:25,529 INFO SKIP article_id=6aba43d7-b7e3-532c-9445-d5ed9347e1d6
2026-08-30 11:04:25,529 INFO SKIP article_id=84b90843-6fc7-536b-90e3-aa0ceac43d6e
2026-08-30 11:04:25,529 INFO SKIP article_id=33e7e706-fb24-5482-bf38-ec414af9fdeb
2026-08-30 11:04:25,529 INFO SKIP article_id=953029c1-4165-5fb5-82c5-bf2c5a7bb36e
2026-08-30 11:04:25,529 INFO SKIP article_id=f64492f4-002f-514e-b262-4facdc29be33
2026-08-30 11:04:25,529 INFO SKIP article_id=c51f44cd-4456-5e94-9040-80e93364525a
2026-08-30 11:04:25,530 INFO SKIP article_id=3d6cf1c1-25cf-51dd-9d8f-83f048723d67
2026-08-30 11:04:25,530 INFO SKIP article_id=231348e8-47df-507f-997c-7af2fc520072
2026-08-30 11:04:25,530 INFO SKIP article_id=1456cde8-4f84-5e5c-8586-0609bc10e437
2026-08-30 11:04:25,530 INFO SKIP article_id=cc9f9ca9-ee3c-5b46-8546-996a7a7f3d94
2026-08-30 11:04:25,530 INFO SKIP article_id=4375de3a-4378-58c9-97ec-175d9c6f514e
2026-08-30 11:04:25,530 INFO SKIP article_id=a0566889-b9ef-57ec-9cae-c27cc66c57cb
2026-08-30 11:04:25,531 INFO SKIP article_id=f7febc91-45aa-529d-b67a-c4d5d8c17619
2026-08-30 11:04:25,531 INFO SKIP article_id=bdc56bf3-fc6c-51d2-9582-dd80614b1031
2026-08-30 11:04:25,531 INFO SKIP article_id=010b8623-1dd0-5415-9f81-cf265914fdca
2026-08-30 11:04:25,531 INFO SKIP article_id=61b49ae0-9e37-5b3c-b04a-d8a92d951a02
2026-08-30 11:04:45,860 INFO SUCCESS article_id=391bfd26-de59-53dd-8a0c-8908da2a33d7 url=https://www.nytimes.com/2025/10/02/climate/how-the-government-shutdown-could-affect-environmental-agencies.html path=/Users/pengdu/PycharmProjects/ArticleExtraction/ArticleExtraction/nyt_output/2025_10/391bfd26-de59-53dd-8a0c-8908da2a33d7.txt
2026-08-30 11:06:58,778 INFO SKIP article_id=2090e468-8163-5f8b-aeef-dba7950df018
2026-08-30 11:06:58,778 INFO SKIP article_id=2f40871a-2a54-59e1-9ef6-d144993a72c1
2026-08-30 11:06:58,779 INFO SKIP article_id=d3696d21-ae90-5e67-8cf5-35cd3b5ef27b
2026-08-30 11:06:58,779 INFO SKIP article_id=510ba91e-a609-55b2-85e2-163d61549b2b
2026-08-30 11:06:58,779 INFO SKIP article_id=74377e19-6479-5e35-ae1c-db50c5827809
2026-08-30 11:06:58,779 INFO SKIP article_id=809eae53-def8-5a9a-bfbc-f8b0027abd98
2026-08-30 11:06:58,779 INFO SKIP article_id=03b733fc-9752-53f0-9a8b-1b2b8305168d
2026-08-30 11:06:58,779 INFO SKIP article_id=963c959d-1250-58bd-a0ff-8bf7fa0289d8
2026-08-30 11:06:58,780 INFO SKIP article_id=c13fb52f-d8d5-5752-a33c-b57c348b35ae
2026-08-30 11:06:58,780 INFO SKIP article_id=6cc10056-171d-517f-ac08-de07053ff170
2026-08-30 11:06:58,780 INFO SKIP article_id=fda640ac-43f1-5dc5-aae3-bf6ac7864770
2026-08-30 11:06:58,780 INFO SKIP article_id=548e0bae-63c0-5d71-badd-545159bea689
2026-08-30 11:06:58,780 INFO SKIP article_id=e73c83bb-674d-522e-8f1d-28b53610d9b5
2026-08-30 11:06:58,780 INFO SKIP article_id=2bd4e41a-e79b-5fef-b717-eaba66edcd41
2026-08-30 11:06:58,780 INFO SKIP article_id=9ebe27b5-1411-5e78-9eab-c201c04ffe8d
2026-08-30 11:06:58,781 INFO SKIP article_id=6b0168b2-ebb4-50e5-8eff-2604f81c6d1f
2026-08-30 11:06:58,781 INFO SKIP article_id=0ac5ced8-b230-5806-8cd1-71968e9a749e
2026-08-30 11:06:58,781 INFO SKIP article_id=626dd854-64db-577c-87a5-e576ef85a88c
2026-08-30 11:06:58,781 INFO SKIP article_id=0aab14e5-66b8-5cae-9997-6245bb642c5e
2026-08-30 11:06:58,781 INFO SKIP article_id=7786df79-fca9-5388-9305-d3b3d0f0812b
2026-08-30 11:06:58,781 INFO SKIP article_id=e9e337df-8344-523e-8e6b-06ca87883ac4
2026-08-30 11:06:58,781 INFO SKIP article_id=713faa21-65c8-53e9-b952-66a5ce03d222
2026-08-30 11:06:58,782 INFO SKIP article_id=3123eb04-5e4e-5d8f-aa54-25777f2e1a49
2026-08-30 11:06:58,782 INFO SKIP article_id=a5c40f06-b6e2-5ab1-9d6b-2871b5ef527f
2026-08-30 11:06:58,782 INFO SKIP article_id=6e6b6a66-9275-5aa9-81c0-8ec1b73ed7d3
2026-08-30 11:06:58,782 INFO SKIP article_id=4bc0544b-7722-57cb-905b-f7691f691978
2026-08-30 11:06:58,782 INFO SKIP article_id=f231f8fd-d4bc-52db-b69e-e37e986ae639
2026-08-30 11:06:58,782 INFO SKIP article_id=762f47fa-4b75-5d89-b01b-d94c0a54d3f4
2026-08-30 11:06:58,782 INFO SKIP article_id=6de3e110-41b3-511c-896b-bad0e0626de3
2026-08-30 11:06:58,783 INFO SKIP article_id=5253c234-aca1-59cc-9694-7614f0fb8866
2026-08-30 11:06:58,783 INFO SKIP article_id=58de5fec-2c1e-5093-818e-ec9a951ba172
2026-08-30 11:06:58,783 INFO SKIP article_id=31f5e523-7d2d-5543-837e-1000b99245eb
2026-08-30 11:06:58,783 INFO SKIP article_id=651ee91b-894f-5e5e-954a-5f4b3528ae76
2026-08-30 11:06:58,783 INFO SKIP article_id=4423c866-7fe4-5edc-a33e-aae0f2e23916
2026-08-30 11:06:58,783 INFO SKIP article_id=e66efd62-7fb5-5c19-9ad7-e22badf47260
2026-08-30 11:06:58,784 INFO SKIP article_id=788de4f0-87f3-58a8-ad45-a1d634952af6
2026-08-30 11:06:58,784 INFO SKIP article_id=600ec33e-f6f2-517f-b8b9-3858fbdce8fd
2026-08-30 11:06:58,784 INFO SKIP article_id=440f355c-9a2a-585c-9684-356aabf11cd8
2026-08-30 11:06:58,784 INFO SKIP article_id=413862ee-455d-5dc8-a2e9-09b4683a6a81
2026-08-30 11:06:58,784 INFO SKIP article_id=20fafffa-5524-5dfa-918e-190f02600759
2026-08-30 11:06:58,784 INFO SKIP article_id=b6762c0b-8145-5a8b-94a1-8f72327c0e11
2026-08-30 11:06:58,784 INFO SKIP article_id=e2c5ef98-c2b1-5071-9c24-e64145171cc9
2026-08-30 11:06:58,785 INFO SKIP article_id=50d7a8de-e014-5f06-b507-d9f09dd1152b
2026-08-30 11:06:58,785 INFO SKIP article_id=dae950fc-d25b-512d-b782-c005caf4b98b
2026-08-30 11:06:58,785 INFO SKIP article_id=1fed8412-dc3d-5fb4-98cb-09422e400b18
2026-08-30 11:06:58,785 INFO SKIP article_id=ee010144-1b2b-56db-8e25-aad3e1db9bfd
2026-08-30 11:06:58,785 INFO SKIP article_id=df09335e-b288-509e-b311-35160e1a991a
2026-08-30 11:06:58,785 INFO SKIP article_id=c31a9c0c-2b5e-5d57-bb62-431fe69fdf3e
2026-08-30 11:06:58,785 INFO SKIP article_id=ae128df4-bfb9-599f-9e63-e97155ea001d
2026-08-30 11:06:58,786 INFO SKIP article_id=e742f1c5-e8c4-52d3-8999-38c876dd482e
2026-08-30 11:06:58,786 INFO SKIP article_id=e9478bf1-d27c-5e78-8cdc-3e1d5a49fb42
2026-08-30 11:06:58,786 INFO SKIP article_id=7bfc438b-8d41-5086-8b85-1fade9a085c3
2026-08-30 11:06:58,786 INFO SKIP article_id=e3abc266-e286-55b2-92eb-706693f92886
2026-08-30 11:06:58,786 INFO SKIP article_id=a473b4fb-6fe3-5241-a8a9-c3119f7a6982
2026-08-30 11:06:58,786 INFO SKIP article_id=8dc6e551-186f-5892-a488-3d5e21790503
2026-08-30 11:06:58,787 INFO SKIP article_id=6c440081-2e87-5c6d-ac3c-4ffc7e829e2b
2026-08-30 11:06:58,787 INFO SKIP article_id=431534dc-d182-58c8-aa30-893a4512ec55
2026-08-30 11:06:58,787 INFO SKIP article_id=e5be796f-a9b7-5697-8c14-43486b94027a
2026-08-30 11:06:58,787 INFO SKIP article_id=bf58c87c-cd23-525c-a50f-a8b0a4cde46e
2026-08-30 11:06:58,787 INFO SKIP article_id=7084ba4c-edb5-5554-b088-e837274775e6
2026-08-30 11:06:58,787 INFO SKIP article_id=7494b848-6660-54de-b277-49683a7e35bc
2026-08-30 11:06:58,787 INFO SKIP article_id=03cbf994-e1de-5f29-b41d-b0e99b53b953
2026-08-30 11:06:58,788 INFO SKIP article_id=2a759bb4-b854-5c51-a9d3-7a509c18bbf8
2026-08-30 11:06:58,788 INFO SKIP article_id=de736f2e-d3c5-5c4a-abb1-5985f85d94e6
2026-08-30 11:06:58,788 INFO SKIP article_id=095dc002-25c6-501a-895c-be62c357e060
2026-08-30 11:06:58,788 INFO SKIP article_id=8d7c398e-0cc2-53a2-a272-6a44385f08fc
2026-08-30 11:06:58,788 INFO SKIP article_id=be7ef962-bb50-59cd-aa64-f9cd08b4b183
2026-08-30 11:06:58,788 INFO SKIP article_id=cff0d1b6-8482-5d5d-9fe9-37c91dcf1485
2026-08-30 11:06:58,789 INFO SKIP article_id=f6be2782-86b8-58d9-b614-a252f02fbdf6
2026-08-30 11:06:58,789 INFO SKIP article_id=fdedbfb7-d078-5852-847c-3d1b7637c312
2026-08-30 11:06:58,789 INFO SKIP article_id=a9d96f77-c276-54fc-8449-562de45be7d7
2026-08-30 11:06:58,789 INFO SKIP article_id=8d57ecb0-98d3-5e71-8b42-09d20b534ad9
2026-08-30 11:06:58,789 INFO SKIP article_id=14269097-42fe-5fe9-a645-48ab8ed10fb2
2026-08-30 11:06:58,789 INFO SKIP article_id=e1b50743-ecf4-5a7e-99d5-f00cf33d4159
2026-08-30 11:06:58,789 INFO SKIP article_id=5504e6dc-5169-5654-8dcd-b0a6b8561fdc
2026-08-30 11:06:58,790 INFO SKIP article_id=91ecc540-7909-5a54-b66b-09c9fac7c77b
2026-08-30 11:06:58,790 INFO SKIP article_id=8ca5b4c9-4edc-5ce7-8f88-dc5a44ffa363
2026-08-30 11:06:58,790 INFO SKIP article_id=68d7c1e4-2f55-5dc9-92b4-842d9c2dcdf4
2026-08-30 11:06:58,790 INFO SKIP article_id=d1e18bdd-ae58-59b1-8296-6c0dd56c3c8b
2026-08-30 11:06:58,790 INFO SKIP article_id=28cc79d1-78c0-56cc-a7cd-1793c3095eb4
2026-08-30 11:06:58,790 INFO SKIP article_id=80445927-2db6-54e0-9213-0ab1655ffc7b
2026-08-30 11:06:58,791 INFO SKIP article_id=fe9404dd-0c67-5b5d-be3b-c36de3e9b287
2026-08-30 11:06:58,791 INFO SKIP article_id=32262afc-5024-5b76-8469-cdd3a603a045
2026-08-30 11:06:58,791 INFO SKIP article_id=79610b0d-aa68-55dd-b3d6-3518f7b17672
2026-08-30 11:06:58,791 INFO SKIP article_id=0de1a849-520d-5964-8688-cb89459d66c2
2026-08-30 11:06:58,791 INFO SKIP article_id=f23e35b3-3772-5bf0-b8ab-11a6c2bdcc47
2026-08-30 11:06:58,791 INFO SKIP article_id=a73ff22b-3156-5591-8b87-b4f01bdc7a96
2026-08-30 11:06:58,791 INFO SKIP article_id=988d7c2b-b69f-5ba0-bf6c-f15fddd68146
2026-08-30 11:06:58,792 INFO SKIP article_id=49397e0d-ab78-5461-afd6-6a832b576a3b
2026-08-30 11:06:58,792 INFO SKIP article_id=4a1e3360-80f9-5e27-b223-fb856f7419ba
2026-08-30 11:06:58,792 INFO SKIP article_id=aecb338c-5d9e-55b3-bc2f-c1ad5416336d
2026-08-30 11:06:58,792 INFO SKIP article_id=96f80616-618b-596e-a8ad-60340e1da4f4
2026-08-30 11:06:58,792 INFO SKIP article_id=3c59670c-d395-5886-83f4-50f7f9e1169d
2026-08-30 11:06:58,792 INFO SKIP article_id=b25b538b-ad29-53a4-9c56-73b0c83f02a7
2026-08-30 11:06:58,793 INFO SKIP article_id=d4a3f915-1b1b-5052-82d8-eb66c39cbd5b
2026-08-30 11:06:58,793 INFO SKIP article_id=3a685d3d-e582-5f5a-8699-f7bbe21fdbb1
2026-08-30 11:06:58,793 INFO SKIP article_id=e6413f97-7ea0-5620-b6dd-995a3cb00905
2026-08-30 11:06:58,793 INFO SKIP article_id=b4742d8d-fbd6-5829-9760-48496e36ae5e
2026-08-30 11:06:58,793 INFO SKIP article_id=0dcce23b-3c51-5068-a332-e3d1af46939c
2026-08-30 11:06:58,793 INFO SKIP article_id=feb8519e-ede5-5bbe-8927-688fd64554b4
2026-08-30 11:06:58,793 INFO SKIP article_id=2cd64f3d-3fc7-5fd6-9b60-98b10265b065
2026-08-30 11:06:58,794 INFO SKIP article_id=9bf759dd-9f6c-5dbb-b3c8-ecd463711328
2026-08-30 11:06:58,794 INFO SKIP article_id=aea36ea3-6661-5a16-9fd3-a3957ff970c5
2026-08-30 11:06:58,794 INFO SKIP article_id=6f684add-6188-5696-a76f-9e976c5c5956
2026-08-30 11:06:58,794 INFO SKIP article_id=9cc0dd95-4439-5d41-bd5f-b1286e754316
2026-08-30 11:06:58,794 INFO SKIP article_id=9a9f83bb-02bc-585d-af98-237bbaffc782
2026-08-30 11:06:58,794 INFO SKIP article_id=9de06f9b-af8d-56ae-ae92-9847980e8e54
2026-08-30 11:06:58,794 INFO SKIP article_id=c17c41a6-f24f-554b-9263-574ff14590d1
2026-08-30 11:06:58,795 INFO SKIP article_id=cdd7b664-c9ba-5bc1-97f5-a2d5728e9dde
2026-08-30 11:06:58,795 INFO SKIP article_id=e0b297a8-ee13-59b2-8f8d-f80e88f89dc0
2026-08-30 11:06:58,795 INFO SKIP article_id=6a69b477-f9fe-574e-b0f7-95ca643fb422
2026-08-30 11:06:58,795 INFO SKIP article_id=3deb4fc1-6982-541b-912d-c757f4335841
2026-08-30 11:06:58,795 INFO SKIP article_id=2bd2e896-0573-5f97-a882-9a2d73e5565c
2026-08-30 11:06:58,795 INFO SKIP article_id=ba609baa-8ddd-5c22-a5ae-1e709180a885
2026-08-30 11:06:58,796 INFO SKIP article_id=0fcce17c-d85d-50a2-b73a-bc337405f7ff
2026-08-30 11:06:58,796 INFO SKIP article_id=5bb69dd1-0f7b-585a-888e-507ecac3f19a
2026-08-30 11:06:58,796 INFO SKIP article_id=bdc75988-0c0d-52b8-a2f7-a637c7b0ebaa
2026-08-30 11:06:58,796 INFO SKIP article_id=9b645da9-1bfb-523e-9658-625d7e4ef84a
2026-08-30 11:06:58,796 INFO SKIP article_id=a7343ae7-571f-5cb8-b91e-b574bb655654
2026-08-30 11:06:58,796 INFO SKIP article_id=363eaa9c-d8c1-5317-bc74-082c632afcf1
2026-08-30 11:06:58,796 INFO SKIP article_id=fa3607de-149f-5e09-981d-8724b5eda71a
2026-08-30 11:06:58,797 INFO SKIP article_id=26f3d1a3-7d75-5d5b-8baf-fa2fab26a9dd
2026-08-30 11:06:58,797 INFO SKIP article_id=6584e4e4-2da2-5e98-9d2b-c405f9463579
2026-08-30 11:06:58,797 INFO SKIP article_id=e5c5a77f-8261-5a71-8660-07172423282e
2026-08-30 11:06:58,797 INFO SKIP article_id=c1096b05-5f98-51fc-a3e7-bd9c4bfdd388
2026-08-30 11:06:58,797 INFO SKIP article_id=8d72f7a7-7962-5656-a171-72ce26fcf345
2026-08-30 11:06:58,798 INFO SKIP article_id=50639a01-cf0e-52c9-9db5-877516bc476f
2026-08-30 11:06:58,798 INFO SKIP article_id=cc46e0bf-d7a9-5e46-8aab-d859edf7d92a
2026-08-30 11:06:58,798 INFO SKIP article_id=f994b1d6-bd71-53e6-a1d0-46460e861744
2026-08-30 11:06:58,798 INFO SKIP article_id=7d7eba73-8d43-5f13-8575-557e15caff5e
2026-08-30 11:06:58,798 INFO SKIP article_id=17957db9-af87-5e38-afd5-bef8b83d9262
2026-08-30 11:06:58,798 INFO SKIP article_id=5062bdf9-b008-5bbe-a6cd-3dea43cc1ba1
2026-08-30 11:06:58,798 INFO SKIP article_id=be87bc55-64c8-54f6-88fd-b50d6aad291c
2026-08-30 11:06:58,799 INFO SKIP article_id=a25c90c4-215b-552d-8250-55ceb9f549f1
2026-08-30 11:06:58,799 INFO SKIP article_id=aded90c4-56da-5b6e-a9ae-36a1a700a20c
2026-08-30 11:06:58,799 INFO SKIP article_id=2346ed61-bcd2-5957-a15b-1189adaf830c
2026-08-30 11:06:58,799 INFO SKIP article_id=8d798d00-4813-54f3-98a8-c362a47ba8f3
2026-08-30 11:06:58,799 INFO SKIP article_id=767181dd-73af-5c4c-834e-a068abcd93bb
2026-08-30 11:06:58,799 INFO SKIP article_id=e16f9c23-990f-5954-a286-b5cd031f0561
2026-08-30 11:06:58,799 INFO SKIP article_id=a2bbcbdd-ebac-5901-ae4b-b75359488a19
2026-08-30 11:06:58,800 INFO SKIP article_id=fcd1631a-d4a7-5523-a760-468fd66c604d
2026-08-30 11:06:58,800 INFO SKIP article_id=ea5bc5fa-3f96-5b07-b7c2-8188b07c4a56
2026-08-30 11:06:58,800 INFO SKIP article_id=5e079136-f3bc-551f-a82c-3b0281fac9d0
2026-08-30 11:06:58,800 INFO SKIP article_id=4e474293-199d-5638-9878-54a0072c60b4
2026-08-30 11:06:58,800 INFO SKIP article_id=766880cc-dc54-594e-b769-e92182665334
2026-08-30 11:06:58,800 INFO SKIP article_id=60a72942-249b-52d6-8888-93961697f0a9
2026-08-30 11:06:58,800 INFO SKIP article_id=8f479b90-12a2-56df-9c0c-9511769d96cc
2026-08-30 11:06:58,801 INFO SKIP article_id=8583ba9c-d019-5014-9752-93d1e827cbd3
2026-08-30 11:06:58,801 INFO SKIP article_id=b0869575-fa04-5d0f-a2ae-fec595bce1d2
2026-08-30 11:06:58,801 INFO SKIP article_id=e4d10c15-bcd7-5a25-ba7c-3f96bdf988b8
2026-08-30 11:06:58,801 INFO SKIP article_id=6e00e0e9-a9be-5b6b-9c19-0659de647e26
2026-08-30 11:06:58,801 INFO SKIP article_id=0217d8e2-4f5a-5751-a505-91c5bdb57bdc
2026-08-30 11:06:58,801 INFO SKIP article_id=129d53f1-9c19-5ef5-a670-c5c2eb638bad
2026-08-30 11:06:58,802 INFO SKIP article_id=436a64a2-4741-565a-a6d1-c33a5129f4a3
2026-08-30 11:06:58,802 INFO SKIP article_id=1a2f6bd3-9641-5ec6-aa94-69d32c0eaf67
2026-08-30 11:06:58,802 INFO SKIP article_id=de3ad892-8038-549c-ad37-b3001f83575e
2026-08-30 11:06:58,802 INFO SKIP article_id=63080d73-ec52-55ed-95e0-894109d5ad14
2026-08-30 11:06:58,802 INFO SKIP article_id=d6c11196-d412-5005-9be8-488e74397d37
2026-08-30 11:06:58,802 INFO SKIP article_id=39eb4031-fa84-5a48-bb5b-042b8488e5e1
2026-08-30 11:06:58,803 INFO SKIP article_id=2a66c0c5-87fb-593c-843b-ed4aad07e41c
2026-08-30 11:06:58,803 INFO SKIP article_id=b274fcf3-2803-559e-8ef0-f9be161d349c
2026-08-30 11:06:58,803 INFO SKIP article_id=23cfbe7e-a9b9-56bf-9a29-af44b62be182
2026-08-30 11:06:58,803 INFO SKIP article_id=5c77ed94-e3d9-5f08-a98d-04f010d3a5da
2026-08-30 11:06:58,803 INFO SKIP article_id=b1b0f1ab-c0df-5b71-bdbd-4fb8cbe804b7
2026-08-30 11:06:58,803 INFO SKIP article_id=87cf3484-03c8-5d6e-b4b5-1d4548341738
2026-08-30 11:06:58,804 INFO SKIP article_id=7bfea921-178b-5bb3-8adf-898dcb45c6a1
2026-08-30 11:06:58,804 INFO SKIP article_id=0f01dcca-3260-58ba-871d-84fed1c4ebc9
2026-08-30 11:06:58,804 INFO SKIP article_id=1ffb221a-0d32-5260-8923-ac62e74afc01
2026-08-30 11:06:58,804 INFO SKIP article_id=f8ab32e6-3ca9-57de-add5-929b53040051
2026-08-30 11:06:58,804 INFO SKIP article_id=7ca7c176-e282-5e5d-960e-d2c86a3c91ba
2026-08-30 11:06:58,804 INFO SKIP article_id=70f4b14b-8847-54fa-952b-dca18e78d5f3
2026-08-30 11:06:58,804 INFO SKIP article_id=8621802a-16fe-519c-a495-20cb7b293845
2026-08-30 11:06:58,804 INFO SKIP article_id=c4793e56-0d2c-5ab2-8fdf-d5d1c203f745
2026-08-30 11:06:58,805 INFO SKIP article_id=ea066348-895d-504e-b9f5-e6edae8282e9
2026-08-30 11:06:58,805 INFO SKIP article_id=050fe62d-9c83-550d-b646-359cafe046db
2026-08-30 11:06:58,805 INFO SKIP article_id=fd2a7f45-61f1-575d-9866-55740a960c04
2026-08-30 11:06:58,805 INFO SKIP article_id=71d3ae35-4171-5293-9b5a-ab1bc10d891c
2026-08-30 11:06:58,805 INFO SKIP article_id=2cd77679-404b-564e-b4aa-261211241cc0
2026-08-30 11:06:58,805 INFO SKIP article_id=88af8c88-6289-5639-8182-998278382f7c
2026-08-30 11:06:58,805 INFO SKIP article_id=0a3a59ab-a291-5715-ab52-4cff42ed20c2
2026-08-30 11:06:58,806 INFO SKIP article_id=1391ea9d-61e8-5aee-a64c-3fff608c5cb7
2026-08-30 11:06:58,806 INFO SKIP article_id=9977f9f7-39f4-5368-879b-1a3eb596fef7
2026-08-30 11:06:58,806 INFO SKIP article_id=b3674445-6ead-50b5-a97f-d477d35580e2
2026-08-30 11:06:58,806 INFO SKIP article_id=4494a769-abf8-58e2-8efe-9e76974aaa92
2026-08-30 11:06:58,806 INFO SKIP article_id=5e59fa7e-eb2e-518e-9e4c-23c5aa1c1553
2026-08-30 11:06:58,806 INFO SKIP article_id=8aaad872-bbe6-5943-9c86-13a6572ddc97
2026-08-30 11:06:58,806 INFO SKIP article_id=6aba43d7-b7e3-532c-9445-d5ed9347e1d6
2026-08-30 11:06:58,807 INFO SKIP article_id=84b90843-6fc7-536b-90e3-aa0ceac43d6e
2026-08-30 11:06:58,807 INFO SKIP article_id=33e7e706-fb24-5482-bf38-ec414af9fdeb
2026-08-30 11:06:58,807 INFO SKIP article_id=953029c1-4165-5fb5-82c5-bf2c5a7bb36e
2026-08-30 11:06:58,807 INFO SKIP article_id=f64492f4-002f-514e-b262-4facdc29be33
2026-08-30 11:06:58,807 INFO SKIP article_id=c51f44cd-4456-5e94-9040-80e93364525a
2026-08-30 11:06:58,807 INFO SKIP article_id=3d6cf1c1-25cf-51dd-9d8f-83f048723d67
2026-08-30 11:06:58,807 INFO SKIP article_id=231348e8-47df-507f-997c-7af2fc520072
2026-08-30 11:06:58,808 INFO SKIP article_id=1456cde8-4f84-5e5c-8586-0609bc10e437
2026-08-30 11:06:58,808 INFO SKIP article_id=cc9f9ca9-ee3c-5b46-8546-996a7a7f3d94
2026-08-30 11:06:58,808 INFO SKIP article_id=4375de3a-4378-58c9-97ec-175d9c6f514e
2026-08-30 11:06:58,808 INFO SKIP article_id=a0566889-b9ef-57ec-9cae-c27cc66c57cb
2026-08-30 11:06:58,808 INFO SKIP article_id=f7febc91-45aa-529d-b67a-c4d5d8c17619
2026-08-30 11:06:58,808 INFO SKIP article_id=bdc56bf3-fc6c-51d2-9582-dd80614b1031
2026-08-30 11:06:58,809 INFO SKIP article_id=010b8623-1dd0-5415-9f81-cf265914fdca
2026-08-30 11:06:58,809 INFO SKIP article_id=61b49ae0-9e37-5b3c-b04a-d8a92d951a02
2026-08-30 11:06:58,809 INFO SKIP article_id=391bfd26-de59-53dd-8a0c-8908da2a33d7
2026-08-30 11:07:11,869 INFO SUCCESS article_id=445c9314-ff7c-57aa-b644-a7a5b8f77dae url=https://www.nytimes.com/2025/10/02/learning/whats-going-on-in-this-picture-oct-6-2025.html path=/Users/pengdu/PycharmProjects/ArticleExtraction/ArticleExtraction/nyt_output/2025_10/445c9314-ff7c-57aa-b644-a7a5b8f77dae.txt
2026-08-30 11:07:28,967 INFO SUCCESS article_id=374bea27-2b42-5728-acef-56a3d49b7783 url=https://www.nytimes.com/2025/10/02/learning/whats-going-on-in-this-graph-oct-8-2025.html path=/Users/pengdu/PycharmProjects/ArticleExtraction/ArticleExtraction/nyt_output/2025_10/374bea27-2b42-5728-acef-56a3d49b7783.txt
2026-08-30 11:07:44,119 INFO SUCCESS article_id=c827b792-7dc9-5515-8c29-5f6f5c68b172 url=https://www.nytimes.com/2025/10/02/us/des-moines-superintendent-ice-gun-charge.html path=/Users/pengdu/PycharmProjects/ArticleExtraction/ArticleExtraction/nyt_output/2025_10/c827b792-7dc9-5515-8c29-5f6f5c68b172.txt
2026-08-30 11:11:23,707 INFO SKIP article_id=2090e468-8163-5f8b-aeef-dba7950df018
2026-08-30 11:11:23,707 INFO SKIP article_id=2f40871a-2a54-59e1-9ef6-d144993a72c1
2026-08-30 11:11:23,707 INFO SKIP article_id=d3696d21-ae90-5e67-8cf5-35cd3b5ef27b
2026-08-30 11:11:23,707 INFO SKIP article_id=510ba91e-a609-55b2-85e2-163d61549b2b
2026-08-30 11:11:23,707 INFO SKIP article_id=74377e19-6479-5e35-ae1c-db50c5827809
2026-08-30 11:11:23,708 INFO SKIP article_id=809eae53-def8-5a9a-bfbc-f8b0027abd98
2026-08-30 11:11:23,708 INFO SKIP article_id=03b733fc-9752-53f0-9a8b-1b2b8305168d
2026-08-30 11:11:23,708 INFO SKIP article_id=963c959d-1250-58bd-a0ff-8bf7fa0289d8
2026-08-30 11:11:23,708 INFO SKIP article_id=c13fb52f-d8d5-5752-a33c-b57c348b35ae
2026-08-30 11:11:23,708 INFO SKIP article_id=6cc10056-171d-517f-ac08-de07053ff170
2026-08-30 11:11:23,708 INFO SKIP article_id=fda640ac-43f1-5dc5-aae3-bf6ac7864770
2026-08-30 11:11:23,708 INFO SKIP article_id=548e0bae-63c0-5d71-badd-545159bea689
2026-08-30 11:11:23,709 INFO SKIP article_id=e73c83bb-674d-522e-8f1d-28b53610d9b5
2026-08-30 11:11:23,709 INFO SKIP article_id=2bd4e41a-e79b-5fef-b717-eaba66edcd41
2026-08-30 11:11:23,709 INFO SKIP article_id=9ebe27b5-1411-5e78-9eab-c201c04ffe8d
2026-08-30 11:11:23,709 INFO SKIP article_id=6b0168b2-ebb4-50e5-8eff-2604f81c6d1f
2026-08-30 11:11:23,709 INFO SKIP article_id=0ac5ced8-b230-5806-8cd1-71968e9a749e
2026-08-30 11:11:23,709 INFO SKIP article_id=626dd854-64db-577c-87a5-e576ef85a88c
2026-08-30 11:11:23,709 INFO SKIP article_id=0aab14e5-66b8-5cae-9997-6245bb642c5e
2026-08-30 11:11:23,710 INFO SKIP article_id=7786df79-fca9-5388-9305-d3b3d0f0812b
2026-08-30 11:11:23,710 INFO SKIP article_id=e9e337df-8344-523e-8e6b-06ca87883ac4
2026-08-30 11:11:23,710 INFO SKIP article_id=713faa21-65c8-53e9-b952-66a5ce03d222
2026-08-30 11:11:23,710 INFO SKIP article_id=3123eb04-5e4e-5d8f-aa54-25777f2e1a49
2026-08-30 11:11:23,710 INFO SKIP article_id=a5c40f06-b6e2-5ab1-9d6b-2871b5ef527f
2026-08-30 11:11:23,710 INFO SKIP article_id=6e6b6a66-9275-5aa9-81c0-8ec1b73ed7d3
2026-08-30 11:11:23,711 INFO SKIP article_id=4bc0544b-7722-57cb-905b-f7691f691978
2026-08-30 11:11:23,711 INFO SKIP article_id=f231f8fd-d4bc-52db-b69e-e37e986ae639
2026-08-30 11:11:23,711 INFO SKIP article_id=762f47fa-4b75-5d89-b01b-d94c0a54d3f4
2026-08-30 11:11:23,711 INFO SKIP article_id=6de3e110-41b3-511c-896b-bad0e0626de3
2026-08-30 11:11:23,711 INFO SKIP article_id=5253c234-aca1-59cc-9694-7614f0fb8866
2026-08-30 11:11:23,711 INFO SKIP article_id=58de5fec-2c1e-5093-818e-ec9a951ba172
2026-08-30 11:11:23,711 INFO SKIP article_id=31f5e523-7d2d-5543-837e-1000b99245eb
2026-08-30 11:11:23,711 INFO SKIP article_id=651ee91b-894f-5e5e-954a-5f4b3528ae76
2026-08-30 11:11:23,712 INFO SKIP article_id=4423c866-7fe4-5edc-a33e-aae0f2e23916
2026-08-30 11:11:23,712 INFO SKIP article_id=e66efd62-7fb5-5c19-9ad7-e22badf47260
2026-08-30 11:11:23,712 INFO SKIP article_id=788de4f0-87f3-58a8-ad45-a1d634952af6
2026-08-30 11:11:23,712 INFO SKIP article_id=600ec33e-f6f2-517f-b8b9-3858fbdce8fd
2026-08-30 11:11:23,712 INFO SKIP article_id=440f355c-9a2a-585c-9684-356aabf11cd8
2026-08-30 11:11:23,712 INFO SKIP article_id=413862ee-455d-5dc8-a2e9-09b4683a6a81
2026-08-30 11:11:23,712 INFO SKIP article_id=20fafffa-5524-5dfa-918e-190f02600759
2026-08-30 11:11:23,713 INFO SKIP article_id=b6762c0b-8145-5a8b-94a1-8f72327c0e11
2026-08-30 11:11:23,713 INFO SKIP article_id=e2c5ef98-c2b1-5071-9c24-e64145171cc9
2026-08-30 11:11:23,713 INFO SKIP article_id=50d7a8de-e014-5f06-b507-d9f09dd1152b
2026-08-30 11:11:23,713 INFO SKIP article_id=dae950fc-d25b-512d-b782-c005caf4b98b
2026-08-30 11:11:23,713 INFO SKIP article_id=1fed8412-dc3d-5fb4-98cb-09422e400b18
2026-08-30 11:11:23,713 INFO SKIP article_id=ee010144-1b2b-56db-8e25-aad3e1db9bfd
2026-08-30 11:11:23,713 INFO SKIP article_id=df09335e-b288-509e-b311-35160e1a991a
2026-08-30 11:11:23,714 INFO SKIP article_id=c31a9c0c-2b5e-5d57-bb62-431fe69fdf3e
2026-08-30 11:11:23,714 INFO SKIP article_id=ae128df4-bfb9-599f-9e63-e97155ea001d
2026-08-30 11:11:23,714 INFO SKIP article_id=e742f1c5-e8c4-52d3-8999-38c876dd482e
2026-08-30 11:11:23,714 INFO SKIP article_id=e9478bf1-d27c-5e78-8cdc-3e1d5a49fb42
2026-08-30 11:11:23,714 INFO SKIP article_id=7bfc438b-8d41-5086-8b85-1fade9a085c3
2026-08-30 11:11:23,714 INFO SKIP article_id=e3abc266-e286-55b2-92eb-706693f92886
2026-08-30 11:11:23,715 INFO SKIP article_id=a473b4fb-6fe3-5241-a8a9-c3119f7a6982
2026-08-30 11:11:23,715 INFO SKIP article_id=8dc6e551-186f-5892-a488-3d5e21790503
2026-08-30 11:11:23,715 INFO SKIP article_id=6c440081-2e87-5c6d-ac3c-4ffc7e829e2b
2026-08-30 11:11:23,715 INFO SKIP article_id=431534dc-d182-58c8-aa30-893a4512ec55
2026-08-30 11:11:23,715 INFO SKIP article_id=e5be796f-a9b7-5697-8c14-43486b94027a
2026-08-30 11:11:23,715 INFO SKIP article_id=bf58c87c-cd23-525c-a50f-a8b0a4cde46e
2026-08-30 11:11:23,715 INFO SKIP article_id=7084ba4c-edb5-5554-b088-e837274775e6
2026-08-30 11:11:23,716 INFO SKIP article_id=7494b848-6660-54de-b277-49683a7e35bc
2026-08-30 11:11:23,716 INFO SKIP article_id=03cbf994-e1de-5f29-b41d-b0e99b53b953
2026-08-30 11:11:23,716 INFO SKIP article_id=2a759bb4-b854-5c51-a9d3-7a509c18bbf8
2026-08-30 11:11:23,716 INFO SKIP article_id=de736f2e-d3c5-5c4a-abb1-5985f85d94e6
2026-08-30 11:11:23,716 INFO SKIP article_id=095dc002-25c6-501a-895c-be62c357e060
2026-08-30 11:11:23,716 INFO SKIP article_id=8d7c398e-0cc2-53a2-a272-6a44385f08fc
2026-08-30 11:11:23,717 INFO SKIP article_id=be7ef962-bb50-59cd-aa64-f9cd08b4b183
2026-08-30 11:11:23,717 INFO SKIP article_id=cff0d1b6-8482-5d5d-9fe9-37c91dcf1485
2026-08-30 11:11:23,717 INFO SKIP article_id=f6be2782-86b8-58d9-b614-a252f02fbdf6
2026-08-30 11:11:23,717 INFO SKIP article_id=fdedbfb7-d078-5852-847c-3d1b7637c312
2026-08-30 11:11:23,717 INFO SKIP article_id=a9d96f77-c276-54fc-8449-562de45be7d7
2026-08-30 11:11:23,717 INFO SKIP article_id=8d57ecb0-98d3-5e71-8b42-09d20b534ad9
2026-08-30 11:11:23,717 INFO SKIP article_id=14269097-42fe-5fe9-a645-48ab8ed10fb2
2026-08-30 11:11:23,718 INFO SKIP article_id=e1b50743-ecf4-5a7e-99d5-f00cf33d4159
2026-08-30 11:11:23,718 INFO SKIP article_id=5504e6dc-5169-5654-8dcd-b0a6b8561fdc
2026-08-30 11:11:23,718 INFO SKIP article_id=91ecc540-7909-5a54-b66b-09c9fac7c77b
2026-08-30 11:11:23,718 INFO SKIP article_id=8ca5b4c9-4edc-5ce7-8f88-dc5a44ffa363
2026-08-30 11:11:23,718 INFO SKIP article_id=68d7c1e4-2f55-5dc9-92b4-842d9c2dcdf4
2026-08-30 11:11:23,718 INFO SKIP article_id=d1e18bdd-ae58-59b1-8296-6c0dd56c3c8b
2026-08-30 11:11:23,718 INFO SKIP article_id=28cc79d1-78c0-56cc-a7cd-1793c3095eb4
2026-08-30 11:11:23,719 INFO SKIP article_id=80445927-2db6-54e0-9213-0ab1655ffc7b
2026-08-30 11:11:23,719 INFO SKIP article_id=fe9404dd-0c67-5b5d-be3b-c36de3e9b287
2026-08-30 11:11:23,719 INFO SKIP article_id=32262afc-5024-5b76-8469-cdd3a603a045
2026-08-30 11:11:23,719 INFO SKIP article_id=79610b0d-aa68-55dd-b3d6-3518f7b17672
2026-08-30 11:11:23,719 INFO SKIP article_id=0de1a849-520d-5964-8688-cb89459d66c2
2026-08-30 11:11:23,719 INFO SKIP article_id=f23e35b3-3772-5bf0-b8ab-11a6c2bdcc47
2026-08-30 11:11:23,720 INFO SKIP article_id=a73ff22b-3156-5591-8b87-b4f01bdc7a96
2026-08-30 11:11:23,720 INFO SKIP article_id=988d7c2b-b69f-5ba0-bf6c-f15fddd68146
2026-08-30 11:11:23,720 INFO SKIP article_id=49397e0d-ab78-5461-afd6-6a832b576a3b
2026-08-30 11:11:23,720 INFO SKIP article_id=4a1e3360-80f9-5e27-b223-fb856f7419ba
2026-08-30 11:11:23,720 INFO SKIP article_id=aecb338c-5d9e-55b3-bc2f-c1ad5416336d
2026-08-30 11:11:23,720 INFO SKIP article_id=96f80616-618b-596e-a8ad-60340e1da4f4
2026-08-30 11:11:23,720 INFO SKIP article_id=3c59670c-d395-5886-83f4-50f7f9e1169d
2026-08-30 11:11:23,721 INFO SKIP article_id=b25b538b-ad29-53a4-9c56-73b0c83f02a7
2026-08-30 11:11:23,721 INFO SKIP article_id=d4a3f915-1b1b-5052-82d8-eb66c39cbd5b
2026-08-30 11:11:23,721 INFO SKIP article_id=3a685d3d-e582-5f5a-8699-f7bbe21fdbb1
2026-08-30 11:11:23,721 INFO SKIP article_id=e6413f97-7ea0-5620-b6dd-995a3cb00905
2026-08-30 11:11:23,721 INFO SKIP article_id=b4742d8d-fbd6-5829-9760-48496e36ae5e
2026-08-30 11:11:23,721 INFO SKIP article_id=0dcce23b-3c51-5068-a332-e3d1af46939c
2026-08-30 11:11:23,721 INFO SKIP article_id=feb8519e-ede5-5bbe-8927-688fd64554b4
2026-08-30 11:11:23,722 INFO SKIP article_id=2cd64f3d-3fc7-5fd6-9b60-98b10265b065
2026-08-30 11:11:23,722 INFO SKIP article_id=9bf759dd-9f6c-5dbb-b3c8-ecd463711328
2026-08-30 11:11:23,722 INFO SKIP article_id=aea36ea3-6661-5a16-9fd3-a3957ff970c5
2026-08-30 11:11:23,722 INFO SKIP article_id=6f684add-6188-5696-a76f-9e976c5c5956
2026-08-30 11:11:23,722 INFO SKIP article_id=9cc0dd95-4439-5d41-bd5f-b1286e754316
2026-08-30 11:11:23,722 INFO SKIP article_id=9a9f83bb-02bc-585d-af98-237bbaffc782
2026-08-30 11:11:23,723 INFO SKIP article_id=9de06f9b-af8d-56ae-ae92-9847980e8e54
2026-08-30 11:11:23,723 INFO SKIP article_id=c17c41a6-f24f-554b-9263-574ff14590d1
2026-08-30 11:11:23,723 INFO SKIP article_id=cdd7b664-c9ba-5bc1-97f5-a2d5728e9dde
2026-08-30 11:11:23,724 INFO SKIP article_id=e0b297a8-ee13-59b2-8f8d-f80e88f89dc0
2026-08-30 11:11:23,724 INFO SKIP article_id=6a69b477-f9fe-574e-b0f7-95ca643fb422
2026-08-30 11:11:23,724 INFO SKIP article_id=3deb4fc1-6982-541b-912d-c757f4335841
2026-08-30 11:11:23,724 INFO SKIP article_id=2bd2e896-0573-5f97-a882-9a2d73e5565c
2026-08-30 11:11:23,724 INFO SKIP article_id=ba609baa-8ddd-5c22-a5ae-1e709180a885
2026-08-30 11:11:23,724 INFO SKIP article_id=0fcce17c-d85d-50a2-b73a-bc337405f7ff
2026-08-30 11:11:23,724 INFO SKIP article_id=5bb69dd1-0f7b-585a-888e-507ecac3f19a
2026-08-30 11:11:23,725 INFO SKIP article_id=bdc75988-0c0d-52b8-a2f7-a637c7b0ebaa
2026-08-30 11:11:23,725 INFO SKIP article_id=9b645da9-1bfb-523e-9658-625d7e4ef84a
2026-08-30 11:11:23,725 INFO SKIP article_id=a7343ae7-571f-5cb8-b91e-b574bb655654
2026-08-30 11:11:23,725 INFO SKIP article_id=363eaa9c-d8c1-5317-bc74-082c632afcf1
2026-08-30 11:11:23,725 INFO SKIP article_id=fa3607de-149f-5e09-981d-8724b5eda71a
2026-08-30 11:11:23,725 INFO SKIP article_id=26f3d1a3-7d75-5d5b-8baf-fa2fab26a9dd
2026-08-30 11:11:23,732 INFO SKIP article_id=6584e4e4-2da2-5e98-9d2b-c405f9463579
2026-08-30 11:11:23,735 INFO SKIP article_id=e5c5a77f-8261-5a71-8660-07172423282e
2026-08-30 11:11:23,735 INFO SKIP article_id=c1096b05-5f98-51fc-a3e7-bd9c4bfdd388
2026-08-30 11:11:23,735 INFO SKIP article_id=8d72f7a7-7962-5656-a171-72ce26fcf345
2026-08-30 11:11:23,735 INFO SKIP article_id=50639a01-cf0e-52c9-9db5-877516bc476f
2026-08-30 11:11:23,735 INFO SKIP article_id=cc46e0bf-d7a9-5e46-8aab-d859edf7d92a
2026-08-30 11:11:23,735 INFO SKIP article_id=f994b1d6-bd71-53e6-a1d0-46460e861744
2026-08-30 11:11:23,736 INFO SKIP article_id=7d7eba73-8d43-5f13-8575-557e15caff5e
2026-08-30 11:11:23,736 INFO SKIP article_id=17957db9-af87-5e38-afd5-bef8b83d9262
2026-08-30 11:11:23,736 INFO SKIP article_id=5062bdf9-b008-5bbe-a6cd-3dea43cc1ba1
2026-08-30 11:11:23,736 INFO SKIP article_id=be87bc55-64c8-54f6-88fd-b50d6aad291c
2026-08-30 11:11:23,736 INFO SKIP article_id=a25c90c4-215b-552d-8250-55ceb9f549f1
2026-08-30 11:11:23,736 INFO SKIP article_id=aded90c4-56da-5b6e-a9ae-36a1a700a20c
2026-08-30 11:11:23,736 INFO SKIP article_id=2346ed61-bcd2-5957-a15b-1189adaf830c
2026-08-30 11:11:23,737 INFO SKIP article_id=8d798d00-4813-54f3-98a8-c362a47ba8f3
2026-08-30 11:11:23,737 INFO SKIP article_id=767181dd-73af-5c4c-834e-a068abcd93bb
2026-08-30 11:11:23,737 INFO SKIP article_id=e16f9c23-990f-5954-a286-b5cd031f0561
2026-08-30 11:11:23,737 INFO SKIP article_id=a2bbcbdd-ebac-5901-ae4b-b75359488a19
2026-08-30 11:11:23,737 INFO SKIP article_id=fcd1631a-d4a7-5523-a760-468fd66c604d
2026-08-30 11:11:23,737 INFO SKIP article_id=ea5bc5fa-3f96-5b07-b7c2-8188b07c4a56
2026-08-30 11:11:23,737 INFO SKIP article_id=5e079136-f3bc-551f-a82c-3b0281fac9d0
2026-08-30 11:11:23,738 INFO SKIP article_id=4e474293-199d-5638-9878-54a0072c60b4
2026-08-30 11:11:23,738 INFO SKIP article_id=766880cc-dc54-594e-b769-e92182665334
2026-08-30 11:11:23,738 INFO SKIP article_id=60a72942-249b-52d6-8888-93961697f0a9
2026-08-30 11:11:23,738 INFO SKIP article_id=8f479b90-12a2-56df-9c0c-9511769d96cc
2026-08-30 11:11:23,738 INFO SKIP article_id=8583ba9c-d019-5014-9752-93d1e827cbd3
2026-08-30 11:11:23,738 INFO SKIP article_id=b0869575-fa04-5d0f-a2ae-fec595bce1d2
2026-08-30 11:11:23,738 INFO SKIP article_id=e4d10c15-bcd7-5a25-ba7c-3f96bdf988b8
2026-08-30 11:11:23,739 INFO SKIP article_id=6e00e0e9-a9be-5b6b-9c19-0659de647e26
2026-08-30 11:11:23,739 INFO SKIP article_id=0217d8e2-4f5a-5751-a505-91c5bdb57bdc
2026-08-30 11:11:23,739 INFO SKIP article_id=129d53f1-9c19-5ef5-a670-c5c2eb638bad
2026-08-30 11:11:23,739 INFO SKIP article_id=436a64a2-4741-565a-a6d1-c33a5129f4a3
2026-08-30 11:11:23,739 INFO SKIP article_id=1a2f6bd3-9641-5ec6-aa94-69d32c0eaf67
2026-08-30 11:11:23,739 INFO SKIP article_id=de3ad892-8038-549c-ad37-b3001f83575e
2026-08-30 11:11:23,739 INFO SKIP article_id=63080d73-ec52-55ed-95e0-894109d5ad14
2026-08-30 11:11:23,740 INFO SKIP article_id=d6c11196-d412-5005-9be8-488e74397d37
2026-08-30 11:11:23,740 INFO SKIP article_id=39eb4031-fa84-5a48-bb5b-042b8488e5e1
2026-08-30 11:11:23,740 INFO SKIP article_id=2a66c0c5-87fb-593c-843b-ed4aad07e41c
2026-08-30 11:11:23,740 INFO SKIP article_id=b274fcf3-2803-559e-8ef0-f9be161d349c
2026-08-30 11:11:23,740 INFO SKIP article_id=23cfbe7e-a9b9-56bf-9a29-af44b62be182
2026-08-30 11:11:23,740 INFO SKIP article_id=5c77ed94-e3d9-5f08-a98d-04f010d3a5da
2026-08-30 11:11:23,740 INFO SKIP article_id=b1b0f1ab-c0df-5b71-bdbd-4fb8cbe804b7
2026-08-30 11:11:23,741 INFO SKIP article_id=87cf3484-03c8-5d6e-b4b5-1d4548341738
2026-08-30 11:11:23,741 INFO SKIP article_id=7bfea921-178b-5bb3-8adf-898dcb45c6a1
2026-08-30 11:11:23,741 INFO SKIP article_id=0f01dcca-3260-58ba-871d-84fed1c4ebc9
2026-08-30 11:11:23,741 INFO SKIP article_id=1ffb221a-0d32-5260-8923-ac62e74afc01
2026-08-30 11:11:23,741 INFO SKIP article_id=f8ab32e6-3ca9-57de-add5-929b53040051
2026-08-30 11:11:23,741 INFO SKIP article_id=7ca7c176-e282-5e5d-960e-d2c86a3c91ba
2026-08-30 11:11:23,741 INFO SKIP article_id=70f4b14b-8847-54fa-952b-dca18e78d5f3
2026-08-30 11:11:23,742 INFO SKIP article_id=8621802a-16fe-519c-a495-20cb7b293845
2026-08-30 11:11:23,742 INFO SKIP article_id=c4793e56-0d2c-5ab2-8fdf-d5d1c203f745
2026-08-30 11:11:23,742 INFO SKIP article_id=ea066348-895d-504e-b9f5-e6edae8282e9
2026-08-30 11:11:23,742 INFO SKIP article_id=050fe62d-9c83-550d-b646-359cafe046db
2026-08-30 11:11:23,742 INFO SKIP article_id=fd2a7f45-61f1-575d-9866-55740a960c04
2026-08-30 11:11:23,742 INFO SKIP article_id=71d3ae35-4171-5293-9b5a-ab1bc10d891c
2026-08-30 11:11:23,743 INFO SKIP article_id=2cd77679-404b-564e-b4aa-261211241cc0
2026-08-30 11:11:23,743 INFO SKIP article_id=88af8c88-6289-5639-8182-998278382f7c
2026-08-30 11:11:23,743 INFO SKIP article_id=0a3a59ab-a291-5715-ab52-4cff42ed20c2
2026-08-30 11:11:23,743 INFO SKIP article_id=1391ea9d-61e8-5aee-a64c-3fff608c5cb7
2026-08-30 11:11:23,743 INFO SKIP article_id=9977f9f7-39f4-5368-879b-1a3eb596fef7
2026-08-30 11:11:23,743 INFO SKIP article_id=b3674445-6ead-50b5-a97f-d477d35580e2
2026-08-30 11:11:23,743 INFO SKIP article_id=4494a769-abf8-58e2-8efe-9e76974aaa92
2026-08-30 11:11:23,744 INFO SKIP article_id=5e59fa7e-eb2e-518e-9e4c-23c5aa1c1553
2026-08-30 11:11:23,744 INFO SKIP article_id=8aaad872-bbe6-5943-9c86-13a6572ddc97
2026-08-30 11:11:23,744 INFO SKIP article_id=6aba43d7-b7e3-532c-9445-d5ed9347e1d6
2026-08-30 11:11:23,744 INFO SKIP article_id=84b90843-6fc7-536b-90e3-aa0ceac43d6e
2026-08-30 11:11:23,744 INFO SKIP article_id=33e7e706-fb24-5482-bf38-ec414af9fdeb
2026-08-30 11:11:23,744 INFO SKIP article_id=953029c1-4165-5fb5-82c5-bf2c5a7bb36e
2026-08-30 11:11:23,745 INFO SKIP article_id=f64492f4-002f-514e-b262-4facdc29be33
2026-08-30 11:11:23,745 INFO SKIP article_id=c51f44cd-4456-5e94-9040-80e93364525a
2026-08-30 11:11:23,745 INFO SKIP article_id=3d6cf1c1-25cf-51dd-9d8f-83f048723d67
2026-08-30 11:11:23,745 INFO SKIP article_id=231348e8-47df-507f-997c-7af2fc520072
2026-08-30 11:11:23,745 INFO SKIP article_id=1456cde8-4f84-5e5c-8586-0609bc10e437
2026-08-30 11:11:23,745 INFO SKIP article_id=cc9f9ca9-ee3c-5b46-8546-996a7a7f3d94
2026-08-30 11:11:23,745 INFO SKIP article_id=4375de3a-4378-58c9-97ec-175d9c6f514e
2026-08-30 11:11:23,746 INFO SKIP article_id=a0566889-b9ef-57ec-9cae-c27cc66c57cb
2026-08-30 11:11:23,746 INFO SKIP article_id=f7febc91-45aa-529d-b67a-c4d5d8c17619
2026-08-30 11:11:23,746 INFO SKIP article_id=bdc56bf3-fc6c-51d2-9582-dd80614b1031
2026-08-30 11:11:23,746 INFO SKIP article_id=010b8623-1dd0-5415-9f81-cf265914fdca
2026-08-30 11:11:23,746 INFO SKIP article_id=61b49ae0-9e37-5b3c-b04a-d8a92d951a02
2026-08-30 11:11:23,746 INFO SKIP article_id=391bfd26-de59-53dd-8a0c-8908da2a33d7
2026-08-30 11:11:23,747 INFO SKIP article_id=445c9314-ff7c-57aa-b644-a7a5b8f77dae
2026-08-30 11:11:23,747 INFO SKIP article_id=374bea27-2b42-5728-acef-56a3d49b7783
2026-08-30 11:11:23,747 INFO SKIP article_id=c827b792-7dc9-5515-8c29-5f6f5c68b172
